[0.012s][info][gc] Using Concurrent Mark Sweep
[0.012s][info][gc,heap,coops] Heap address: 0x00000000e0000000, size: 512 MB, Compressed Oops mode: 32-bit
[1.289s][info][gc,start     ] GC(0) Pause Young (Allocation Failure)
[1.289s][info][gc,task      ] GC(0) Using 8 workers of 8 for evacuation
[1.294s][info][gc,heap      ] GC(0) ParNew: 139776K->5916K(157248K)
[1.294s][info][gc,heap      ] GC(0) CMS: 0K->0K(349568K)
[1.294s][info][gc,metaspace ] GC(0) Metaspace: 24777K->24777K(1071104K)
[1.294s][info][gc           ] GC(0) Pause Young (Allocation Failure) 136M->5M(494M) 5.646ms
[1.294s][info][gc,cpu       ] GC(0) User=0.08s Sys=0.03s Real=0.00s
[1.295s][info][gc,start     ] GC(1) Pause Initial Mark
[1.295s][info][gc           ] GC(1) Pause Initial Mark 9M->9M(494M) 0.859ms
[1.296s][info][gc,cpu       ] GC(1) User=0.00s Sys=0.00s Real=0.00s
[1.296s][info][gc           ] GC(1) Concurrent Mark
[1.296s][info][gc,task      ] GC(1) Using 2 workers of 2 for marking
[1.296s][info][gc           ] GC(1) Concurrent Mark 0.258ms
[1.296s][info][gc,cpu       ] GC(1) User=0.00s Sys=0.00s Real=0.00s
[1.296s][info][gc           ] GC(1) Concurrent Preclean
[1.297s][info][gc           ] GC(1) Concurrent Preclean 0.672ms
[1.297s][info][gc,cpu       ] GC(1) User=0.00s Sys=0.00s Real=0.00s
[1.297s][info][gc           ] GC(1) Concurrent Abortable Preclean
[2.006s][info][gc           ] GC(1) Concurrent Abortable Preclean 708.810ms
[2.006s][info][gc,cpu       ] GC(1) User=3.09s Sys=0.08s Real=0.71s
[2.006s][info][gc,start     ] GC(1) Pause Remark
[2.019s][info][gc           ] GC(1) Pause Remark 80M->80M(494M) 13.034ms
[2.019s][info][gc,cpu       ] GC(1) User=0.11s Sys=0.02s Real=0.01s
[2.019s][info][gc           ] GC(1) Concurrent Sweep
[2.019s][info][gc           ] GC(1) Concurrent Sweep 0.048ms
[2.019s][info][gc,cpu       ] GC(1) User=0.00s Sys=0.00s Real=0.00s
[2.019s][info][gc           ] GC(1) Concurrent Reset
[2.023s][info][gc           ] GC(1) Concurrent Reset 3.892ms
[2.023s][info][gc,cpu       ] GC(1) User=0.00s Sys=0.00s Real=0.00s
[2.023s][info][gc,heap      ] GC(1) Old: 0K->0K(349568K)
[3.028s][info][gc,start     ] GC(2) Pause Young (Allocation Failure)
[3.028s][info][gc,task      ] GC(2) Using 8 workers of 8 for evacuation
[3.035s][info][gc,heap      ] GC(2) ParNew: 145692K->17472K(157248K)
[3.035s][info][gc,heap      ] GC(2) CMS: 0K->3K(349568K)
[3.035s][info][gc,metaspace ] GC(2) Metaspace: 36139K->36139K(1081344K)
[3.035s][info][gc           ] GC(2) Pause Young (Allocation Failure) 142M->17M(494M) 7.659ms
[3.035s][info][gc,cpu       ] GC(2) User=0.00s Sys=0.00s Real=0.01s
[9.480s][info][gc,start     ] GC(3) Pause Young (Allocation Failure)
[9.481s][info][gc,task      ] GC(3) Using 8 workers of 8 for evacuation
[9.527s][info][gc,heap      ] GC(3) ParNew: 157248K->12258K(157248K)
[9.527s][info][gc,heap      ] GC(3) CMS: 3K->14352K(349568K)
[9.527s][info][gc,metaspace ] GC(3) Metaspace: 41074K->41074K(1087488K)
[9.527s][info][gc           ] GC(3) Pause Young (Allocation Failure) 153M->25M(494M) 46.228ms
[9.527s][info][gc,cpu       ] GC(3) User=0.13s Sys=0.02s Real=0.05s
[12.476s][info][gc,start     ] GC(4) Pause Young (Allocation Failure)
[12.476s][info][gc,task      ] GC(4) Using 8 workers of 8 for evacuation
[12.480s][info][gc,heap      ] GC(4) ParNew: 152034K->7664K(157248K)
[12.480s][info][gc,heap      ] GC(4) CMS: 14352K->14352K(349568K)
[12.480s][info][gc,metaspace ] GC(4) Metaspace: 43797K->43797K(1089536K)
[12.480s][info][gc           ] GC(4) Pause Young (Allocation Failure) 162M->21M(494M) 4.153ms
[12.480s][info][gc,cpu       ] GC(4) User=0.00s Sys=0.00s Real=0.00s
[15.974s][info][gc,start     ] GC(5) Pause Young (Allocation Failure)
[15.974s][info][gc,task      ] GC(5) Using 8 workers of 8 for evacuation
[15.977s][info][gc,heap      ] GC(5) ParNew: 147440K->8457K(157248K)
[15.977s][info][gc,heap      ] GC(5) CMS: 14352K->14352K(349568K)
[15.977s][info][gc,metaspace ] GC(5) Metaspace: 43843K->43843K(1089536K)
[15.977s][info][gc           ] GC(5) Pause Young (Allocation Failure) 158M->22M(494M) 3.645ms
[15.977s][info][gc,cpu       ] GC(5) User=0.00s Sys=0.00s Real=0.00s
[17.425s][info][gc,start     ] GC(6) Pause Young (Allocation Failure)
[17.425s][info][gc,task      ] GC(6) Using 8 workers of 8 for evacuation
[17.430s][info][gc,heap      ] GC(6) ParNew: 148233K->9775K(157248K)
[17.430s][info][gc,heap      ] GC(6) CMS: 14352K->14352K(349568K)
[17.430s][info][gc,metaspace ] GC(6) Metaspace: 43860K->43860K(1089536K)
[17.430s][info][gc           ] GC(6) Pause Young (Allocation Failure) 158M->23M(494M) 4.790ms
[17.430s][info][gc,cpu       ] GC(6) User=0.00s Sys=0.00s Real=0.01s
[18.948s][info][gc,start     ] GC(7) Pause Young (Allocation Failure)
[18.949s][info][gc,task      ] GC(7) Using 8 workers of 8 for evacuation
[18.952s][info][gc,heap      ] GC(7) ParNew: 149551K->8401K(157248K)
[18.952s][info][gc,heap      ] GC(7) CMS: 14352K->14352K(349568K)
[18.952s][info][gc,metaspace ] GC(7) Metaspace: 43861K->43861K(1089536K)
[18.952s][info][gc           ] GC(7) Pause Young (Allocation Failure) 160M->22M(494M) 3.304ms
[18.952s][info][gc,cpu       ] GC(7) User=0.00s Sys=0.00s Real=0.00s
[20.374s][info][gc,start     ] GC(8) Pause Young (Allocation Failure)
[20.375s][info][gc,task      ] GC(8) Using 8 workers of 8 for evacuation
[20.377s][info][gc,heap      ] GC(8) ParNew: 148177K->9202K(157248K)
[20.378s][info][gc,heap      ] GC(8) CMS: 14352K->14352K(349568K)
[20.378s][info][gc,metaspace ] GC(8) Metaspace: 43889K->43889K(1089536K)
[20.378s][info][gc           ] GC(8) Pause Young (Allocation Failure) 158M->23M(494M) 3.100ms
[20.378s][info][gc,cpu       ] GC(8) User=0.00s Sys=0.00s Real=0.00s
[21.726s][info][gc,start     ] GC(9) Pause Young (Allocation Failure)
[21.726s][info][gc,task      ] GC(9) Using 8 workers of 8 for evacuation
[21.732s][info][gc,heap      ] GC(9) ParNew: 148978K->7676K(157248K)
[21.732s][info][gc,heap      ] GC(9) CMS: 14352K->18360K(349568K)
[21.732s][info][gc,metaspace ] GC(9) Metaspace: 43893K->43893K(1089536K)
[21.733s][info][gc           ] GC(9) Pause Young (Allocation Failure) 159M->25M(494M) 6.202ms
[21.733s][info][gc,cpu       ] GC(9) User=0.09s Sys=0.00s Real=0.01s
[23.134s][info][gc,start     ] GC(10) Pause Young (Allocation Failure)
[23.134s][info][gc,task      ] GC(10) Using 8 workers of 8 for evacuation
[23.136s][info][gc,heap      ] GC(10) ParNew: 147452K->2094K(157248K)
[23.136s][info][gc,heap      ] GC(10) CMS: 18360K->20548K(349568K)
[23.136s][info][gc,metaspace ] GC(10) Metaspace: 43912K->43912K(1089536K)
[23.136s][info][gc           ] GC(10) Pause Young (Allocation Failure) 161M->22M(494M) 2.447ms
[23.137s][info][gc,cpu       ] GC(10) User=0.03s Sys=0.03s Real=0.00s
[24.476s][info][gc,start     ] GC(11) Pause Young (Allocation Failure)
[24.476s][info][gc,task      ] GC(11) Using 8 workers of 8 for evacuation
[24.477s][info][gc,heap      ] GC(11) ParNew: 141870K->534K(157248K)
[24.477s][info][gc,heap      ] GC(11) CMS: 20548K->20583K(349568K)
[24.477s][info][gc,metaspace ] GC(11) Metaspace: 43914K->43914K(1089536K)
[24.477s][info][gc           ] GC(11) Pause Young (Allocation Failure) 158M->20M(494M) 1.172ms
[24.477s][info][gc,cpu       ] GC(11) User=0.00s Sys=0.00s Real=0.00s
[25.927s][info][gc,start     ] GC(12) Pause Young (Allocation Failure)
[25.927s][info][gc,task      ] GC(12) Using 8 workers of 8 for evacuation
[25.927s][info][gc,heap      ] GC(12) ParNew: 140310K->139K(157248K)
[25.927s][info][gc,heap      ] GC(12) CMS: 20583K->20583K(349568K)
[25.927s][info][gc,metaspace ] GC(12) Metaspace: 43914K->43914K(1089536K)
[25.927s][info][gc           ] GC(12) Pause Young (Allocation Failure) 157M->20M(494M) 0.704ms
[25.927s][info][gc,cpu       ] GC(12) User=0.00s Sys=0.00s Real=0.00s
[27.309s][info][gc,start     ] GC(13) Pause Young (Allocation Failure)
[27.309s][info][gc,task      ] GC(13) Using 8 workers of 8 for evacuation
[27.309s][info][gc,heap      ] GC(13) ParNew: 139915K->46K(157248K)
[27.309s][info][gc,heap      ] GC(13) CMS: 20583K->20583K(349568K)
[27.309s][info][gc,metaspace ] GC(13) Metaspace: 43924K->43924K(1089536K)
[27.309s][info][gc           ] GC(13) Pause Young (Allocation Failure) 156M->20M(494M) 0.738ms
[27.309s][info][gc,cpu       ] GC(13) User=0.00s Sys=0.00s Real=0.00s
[28.633s][info][gc,start     ] GC(14) Pause Young (Allocation Failure)
[28.633s][info][gc,task      ] GC(14) Using 8 workers of 8 for evacuation
[28.634s][info][gc,heap      ] GC(14) ParNew: 139822K->48K(157248K)
[28.634s][info][gc,heap      ] GC(14) CMS: 20583K->20583K(349568K)
[28.634s][info][gc,metaspace ] GC(14) Metaspace: 43927K->43927K(1089536K)
[28.634s][info][gc           ] GC(14) Pause Young (Allocation Failure) 156M->20M(494M) 0.873ms
[28.634s][info][gc,cpu       ] GC(14) User=0.00s Sys=0.00s Real=0.00s
[30.012s][info][gc,start     ] GC(15) Pause Young (Allocation Failure)
[30.012s][info][gc,task      ] GC(15) Using 8 workers of 8 for evacuation
[30.013s][info][gc,heap      ] GC(15) ParNew: 139824K->30K(157248K)
[30.013s][info][gc,heap      ] GC(15) CMS: 20583K->20586K(349568K)
[30.013s][info][gc,metaspace ] GC(15) Metaspace: 43928K->43928K(1089536K)
[30.013s][info][gc           ] GC(15) Pause Young (Allocation Failure) 156M->20M(494M) 0.861ms
[30.013s][info][gc,cpu       ] GC(15) User=0.00s Sys=0.00s Real=0.00s
[31.462s][info][gc,start     ] GC(16) Pause Young (Allocation Failure)
[31.462s][info][gc,task      ] GC(16) Using 8 workers of 8 for evacuation
[31.462s][info][gc,heap      ] GC(16) ParNew: 139806K->26K(157248K)
[31.462s][info][gc,heap      ] GC(16) CMS: 20586K->20586K(349568K)
[31.462s][info][gc,metaspace ] GC(16) Metaspace: 43928K->43928K(1089536K)
[31.462s][info][gc           ] GC(16) Pause Young (Allocation Failure) 156M->20M(494M) 0.683ms
[31.462s][info][gc,cpu       ] GC(16) User=0.00s Sys=0.00s Real=0.00s
[32.791s][info][gc,start     ] GC(17) Pause Young (Allocation Failure)
[32.792s][info][gc,task      ] GC(17) Using 8 workers of 8 for evacuation
[32.792s][info][gc,heap      ] GC(17) ParNew: 139802K->33K(157248K)
[32.792s][info][gc,heap      ] GC(17) CMS: 20586K->20586K(349568K)
[32.792s][info][gc,metaspace ] GC(17) Metaspace: 43928K->43928K(1089536K)
[32.792s][info][gc           ] GC(17) Pause Young (Allocation Failure) 156M->20M(494M) 0.720ms
[32.792s][info][gc,cpu       ] GC(17) User=0.11s Sys=0.00s Real=0.00s
[34.129s][info][gc,start     ] GC(18) Pause Young (Allocation Failure)
[34.129s][info][gc,task      ] GC(18) Using 8 workers of 8 for evacuation
[34.130s][info][gc,heap      ] GC(18) ParNew: 139809K->39K(157248K)
[34.130s][info][gc,heap      ] GC(18) CMS: 20586K->20586K(349568K)
[34.131s][info][gc,metaspace ] GC(18) Metaspace: 43933K->43933K(1089536K)
[34.131s][info][gc           ] GC(18) Pause Young (Allocation Failure) 156M->20M(494M) 1.270ms
[34.131s][info][gc,cpu       ] GC(18) User=0.00s Sys=0.00s Real=0.00s
[35.448s][info][gc,start     ] GC(19) Pause Young (Allocation Failure)
[35.448s][info][gc,task      ] GC(19) Using 8 workers of 8 for evacuation
[35.449s][info][gc,heap      ] GC(19) ParNew: 139815K->34K(157248K)
[35.449s][info][gc,heap      ] GC(19) CMS: 20586K->20586K(349568K)
[35.449s][info][gc,metaspace ] GC(19) Metaspace: 43933K->43933K(1089536K)
[35.449s][info][gc           ] GC(19) Pause Young (Allocation Failure) 156M->20M(494M) 0.788ms
[35.449s][info][gc,cpu       ] GC(19) User=0.02s Sys=0.00s Real=0.00s
[36.857s][info][gc,start     ] GC(20) Pause Young (Allocation Failure)
[36.857s][info][gc,task      ] GC(20) Using 8 workers of 8 for evacuation
[36.858s][info][gc,heap      ] GC(20) ParNew: 139810K->34K(157248K)
[36.858s][info][gc,heap      ] GC(20) CMS: 20586K->20586K(349568K)
[36.858s][info][gc,metaspace ] GC(20) Metaspace: 43933K->43933K(1089536K)
[36.858s][info][gc           ] GC(20) Pause Young (Allocation Failure) 156M->20M(494M) 0.800ms
[36.858s][info][gc,cpu       ] GC(20) User=0.00s Sys=0.00s Real=0.00s
[38.234s][info][gc,start     ] GC(21) Pause Young (Allocation Failure)
[38.234s][info][gc,task      ] GC(21) Using 8 workers of 8 for evacuation
[38.235s][info][gc,heap      ] GC(21) ParNew: 139810K->48K(157248K)
[38.235s][info][gc,heap      ] GC(21) CMS: 20586K->20586K(349568K)
[38.235s][info][gc,metaspace ] GC(21) Metaspace: 43934K->43934K(1089536K)
[38.235s][info][gc           ] GC(21) Pause Young (Allocation Failure) 156M->20M(494M) 0.839ms
[38.235s][info][gc,cpu       ] GC(21) User=0.00s Sys=0.00s Real=0.00s
[39.549s][info][gc,start     ] GC(22) Pause Young (Allocation Failure)
[39.549s][info][gc,task      ] GC(22) Using 8 workers of 8 for evacuation
[39.550s][info][gc,heap      ] GC(22) ParNew: 139824K->48K(157248K)
[39.550s][info][gc,heap      ] GC(22) CMS: 20586K->20586K(349568K)
[39.550s][info][gc,metaspace ] GC(22) Metaspace: 43952K->43952K(1089536K)
[39.550s][info][gc           ] GC(22) Pause Young (Allocation Failure) 156M->20M(494M) 0.720ms
[39.550s][info][gc,cpu       ] GC(22) User=0.00s Sys=0.00s Real=0.00s
[40.870s][info][gc,start     ] GC(23) Pause Young (Allocation Failure)
[40.870s][info][gc,task      ] GC(23) Using 8 workers of 8 for evacuation
[40.870s][info][gc,heap      ] GC(23) ParNew: 139824K->43K(157248K)
[40.870s][info][gc,heap      ] GC(23) CMS: 20586K->20586K(349568K)
[40.870s][info][gc,metaspace ] GC(23) Metaspace: 43952K->43952K(1089536K)
[40.870s][info][gc           ] GC(23) Pause Young (Allocation Failure) 156M->20M(494M) 0.696ms
[40.870s][info][gc,cpu       ] GC(23) User=0.00s Sys=0.02s Real=0.00s
[42.139s][info][gc,start     ] GC(24) Pause Young (Allocation Failure)
[42.139s][info][gc,task      ] GC(24) Using 8 workers of 8 for evacuation
[42.140s][info][gc,heap      ] GC(24) ParNew: 139819K->36K(157248K)
[42.140s][info][gc,heap      ] GC(24) CMS: 20586K->20588K(349568K)
[42.140s][info][gc,metaspace ] GC(24) Metaspace: 43952K->43952K(1089536K)
[42.140s][info][gc           ] GC(24) Pause Young (Allocation Failure) 156M->20M(494M) 0.712ms
[42.140s][info][gc,cpu       ] GC(24) User=0.00s Sys=0.00s Real=0.00s
[43.515s][info][gc,start     ] GC(25) Pause Young (Allocation Failure)
[43.515s][info][gc,task      ] GC(25) Using 8 workers of 8 for evacuation
[43.516s][info][gc,heap      ] GC(25) ParNew: 139812K->56K(157248K)
[43.516s][info][gc,heap      ] GC(25) CMS: 20588K->20588K(349568K)
[43.516s][info][gc,metaspace ] GC(25) Metaspace: 43952K->43952K(1089536K)
[43.516s][info][gc           ] GC(25) Pause Young (Allocation Failure) 156M->20M(494M) 0.874ms
[43.516s][info][gc,cpu       ] GC(25) User=0.00s Sys=0.00s Real=0.00s
[44.919s][info][gc,start     ] GC(26) Pause Young (Allocation Failure)
[44.919s][info][gc,task      ] GC(26) Using 8 workers of 8 for evacuation
[44.920s][info][gc,heap      ] GC(26) ParNew: 139832K->44K(157248K)
[44.920s][info][gc,heap      ] GC(26) CMS: 20588K->20588K(349568K)
[44.920s][info][gc,metaspace ] GC(26) Metaspace: 43955K->43955K(1089536K)
[44.920s][info][gc           ] GC(26) Pause Young (Allocation Failure) 156M->20M(494M) 0.779ms
[44.920s][info][gc,cpu       ] GC(26) User=0.00s Sys=0.00s Real=0.00s
[46.306s][info][gc,start     ] GC(27) Pause Young (Allocation Failure)
[46.306s][info][gc,task      ] GC(27) Using 8 workers of 8 for evacuation
[46.307s][info][gc,heap      ] GC(27) ParNew: 139820K->33K(157248K)
[46.307s][info][gc,heap      ] GC(27) CMS: 20588K->20588K(349568K)
[46.307s][info][gc,metaspace ] GC(27) Metaspace: 43955K->43955K(1089536K)
[46.307s][info][gc           ] GC(27) Pause Young (Allocation Failure) 156M->20M(494M) 0.845ms
[46.307s][info][gc,cpu       ] GC(27) User=0.00s Sys=0.00s Real=0.00s
[47.691s][info][gc,start     ] GC(28) Pause Young (Allocation Failure)
[47.691s][info][gc,task      ] GC(28) Using 8 workers of 8 for evacuation
[47.692s][info][gc,heap      ] GC(28) ParNew: 139809K->34K(157248K)
[47.692s][info][gc,heap      ] GC(28) CMS: 20588K->20588K(349568K)
[47.692s][info][gc,metaspace ] GC(28) Metaspace: 43957K->43957K(1089536K)
[47.692s][info][gc           ] GC(28) Pause Young (Allocation Failure) 156M->20M(494M) 0.751ms
[47.692s][info][gc,cpu       ] GC(28) User=0.00s Sys=0.00s Real=0.00s
[49.199s][info][gc,start     ] GC(29) Pause Young (Allocation Failure)
[49.199s][info][gc,task      ] GC(29) Using 8 workers of 8 for evacuation
[49.200s][info][gc,heap      ] GC(29) ParNew: 139810K->47K(157248K)
[49.200s][info][gc,heap      ] GC(29) CMS: 20588K->20591K(349568K)
[49.200s][info][gc,metaspace ] GC(29) Metaspace: 43957K->43957K(1089536K)
[49.200s][info][gc           ] GC(29) Pause Young (Allocation Failure) 156M->20M(494M) 0.847ms
[49.200s][info][gc,cpu       ] GC(29) User=0.00s Sys=0.00s Real=0.00s
[50.627s][info][gc,start     ] GC(30) Pause Young (Allocation Failure)
[50.627s][info][gc,task      ] GC(30) Using 8 workers of 8 for evacuation
[50.628s][info][gc,heap      ] GC(30) ParNew: 139823K->34K(157248K)
[50.628s][info][gc,heap      ] GC(30) CMS: 20591K->20591K(349568K)
[50.628s][info][gc,metaspace ] GC(30) Metaspace: 43957K->43957K(1089536K)
[50.628s][info][gc           ] GC(30) Pause Young (Allocation Failure) 156M->20M(494M) 0.895ms
[50.628s][info][gc,cpu       ] GC(30) User=0.00s Sys=0.00s Real=0.00s
[52.094s][info][gc,start     ] GC(31) Pause Young (Allocation Failure)
[52.094s][info][gc,task      ] GC(31) Using 8 workers of 8 for evacuation
[52.095s][info][gc,heap      ] GC(31) ParNew: 139804K->32K(157248K)
[52.095s][info][gc,heap      ] GC(31) CMS: 20591K->20591K(349568K)
[52.095s][info][gc,metaspace ] GC(31) Metaspace: 43957K->43957K(1089536K)
[52.095s][info][gc           ] GC(31) Pause Young (Allocation Failure) 156M->20M(494M) 1.103ms
[52.095s][info][gc,cpu       ] GC(31) User=0.00s Sys=0.00s Real=0.00s
[53.472s][info][gc,start     ] GC(32) Pause Young (Allocation Failure)
[53.472s][info][gc,task      ] GC(32) Using 8 workers of 8 for evacuation
[53.473s][info][gc,heap      ] GC(32) ParNew: 139808K->34K(157248K)
[53.473s][info][gc,heap      ] GC(32) CMS: 20591K->20591K(349568K)
[53.473s][info][gc,metaspace ] GC(32) Metaspace: 43957K->43957K(1089536K)
[53.473s][info][gc           ] GC(32) Pause Young (Allocation Failure) 156M->20M(494M) 0.705ms
[53.473s][info][gc,cpu       ] GC(32) User=0.00s Sys=0.00s Real=0.00s
[54.968s][info][gc,start     ] GC(33) Pause Young (Allocation Failure)
[54.968s][info][gc,task      ] GC(33) Using 8 workers of 8 for evacuation
[54.969s][info][gc,heap      ] GC(33) ParNew: 139810K->33K(157248K)
[54.969s][info][gc,heap      ] GC(33) CMS: 20591K->20591K(349568K)
[54.969s][info][gc,metaspace ] GC(33) Metaspace: 43957K->43957K(1089536K)
[54.969s][info][gc           ] GC(33) Pause Young (Allocation Failure) 156M->20M(494M) 0.861ms
[54.969s][info][gc,cpu       ] GC(33) User=0.00s Sys=0.00s Real=0.00s
[56.469s][info][gc,start     ] GC(34) Pause Young (Allocation Failure)
[56.469s][info][gc,task      ] GC(34) Using 8 workers of 8 for evacuation
[56.470s][info][gc,heap      ] GC(34) ParNew: 139809K->35K(157248K)
[56.470s][info][gc,heap      ] GC(34) CMS: 20591K->20591K(349568K)
[56.470s][info][gc,metaspace ] GC(34) Metaspace: 43957K->43957K(1089536K)
[56.470s][info][gc           ] GC(34) Pause Young (Allocation Failure) 156M->20M(494M) 0.927ms
[56.470s][info][gc,cpu       ] GC(34) User=0.00s Sys=0.00s Real=0.00s
[57.887s][info][gc,start     ] GC(35) Pause Young (Allocation Failure)
[57.887s][info][gc,task      ] GC(35) Using 8 workers of 8 for evacuation
[57.888s][info][gc,heap      ] GC(35) ParNew: 139811K->32K(157248K)
[57.888s][info][gc,heap      ] GC(35) CMS: 20591K->20595K(349568K)
[57.888s][info][gc,metaspace ] GC(35) Metaspace: 43960K->43960K(1089536K)
[57.888s][info][gc           ] GC(35) Pause Young (Allocation Failure) 156M->20M(494M) 0.931ms
[57.888s][info][gc,cpu       ] GC(35) User=0.00s Sys=0.00s Real=0.00s
[59.440s][info][gc,start     ] GC(36) Pause Young (Allocation Failure)
[59.440s][info][gc,task      ] GC(36) Using 8 workers of 8 for evacuation
[59.441s][info][gc,heap      ] GC(36) ParNew: 139808K->28K(157248K)
[59.441s][info][gc,heap      ] GC(36) CMS: 20595K->20595K(349568K)
[59.441s][info][gc,metaspace ] GC(36) Metaspace: 43960K->43960K(1089536K)
[59.441s][info][gc           ] GC(36) Pause Young (Allocation Failure) 156M->20M(494M) 1.128ms
[59.441s][info][gc,cpu       ] GC(36) User=0.00s Sys=0.00s Real=0.00s
[60.892s][info][gc,start     ] GC(37) Pause Young (Allocation Failure)
[60.892s][info][gc,task      ] GC(37) Using 8 workers of 8 for evacuation
[60.893s][info][gc,heap      ] GC(37) ParNew: 139804K->24K(157248K)
[60.893s][info][gc,heap      ] GC(37) CMS: 20595K->20595K(349568K)
[60.893s][info][gc,metaspace ] GC(37) Metaspace: 43960K->43960K(1089536K)
[60.893s][info][gc           ] GC(37) Pause Young (Allocation Failure) 156M->20M(494M) 0.735ms
[60.893s][info][gc,cpu       ] GC(37) User=0.00s Sys=0.00s Real=0.00s
[62.303s][info][gc,start     ] GC(38) Pause Young (Allocation Failure)
[62.303s][info][gc,task      ] GC(38) Using 8 workers of 8 for evacuation
[62.303s][info][gc,heap      ] GC(38) ParNew: 139800K->28K(157248K)
[62.303s][info][gc,heap      ] GC(38) CMS: 20595K->20595K(349568K)
[62.303s][info][gc,metaspace ] GC(38) Metaspace: 43960K->43960K(1089536K)
[62.303s][info][gc           ] GC(38) Pause Young (Allocation Failure) 156M->20M(494M) 0.677ms
[62.303s][info][gc,cpu       ] GC(38) User=0.00s Sys=0.00s Real=0.00s
[63.766s][info][gc,start     ] GC(39) Pause Young (Allocation Failure)
[63.766s][info][gc,task      ] GC(39) Using 8 workers of 8 for evacuation
[63.767s][info][gc,heap      ] GC(39) ParNew: 139804K->34K(157248K)
[63.767s][info][gc,heap      ] GC(39) CMS: 20595K->20595K(349568K)
[63.767s][info][gc,metaspace ] GC(39) Metaspace: 43960K->43960K(1089536K)
[63.767s][info][gc           ] GC(39) Pause Young (Allocation Failure) 156M->20M(494M) 0.921ms
[63.767s][info][gc,cpu       ] GC(39) User=0.00s Sys=0.00s Real=0.00s
[65.312s][info][gc,start     ] GC(40) Pause Young (Allocation Failure)
[65.312s][info][gc,task      ] GC(40) Using 8 workers of 8 for evacuation
[65.312s][info][gc,heap      ] GC(40) ParNew: 139810K->29K(157248K)
[65.312s][info][gc,heap      ] GC(40) CMS: 20595K->20595K(349568K)
[65.312s][info][gc,metaspace ] GC(40) Metaspace: 43961K->43961K(1089536K)
[65.313s][info][gc           ] GC(40) Pause Young (Allocation Failure) 156M->20M(494M) 0.802ms
[65.313s][info][gc,cpu       ] GC(40) User=0.00s Sys=0.00s Real=0.00s
[66.802s][info][gc,start     ] GC(41) Pause Young (Allocation Failure)
[66.802s][info][gc,task      ] GC(41) Using 8 workers of 8 for evacuation
[66.802s][info][gc,heap      ] GC(41) ParNew: 139805K->26K(157248K)
[66.802s][info][gc,heap      ] GC(41) CMS: 20595K->20596K(349568K)
[66.802s][info][gc,metaspace ] GC(41) Metaspace: 43961K->43961K(1089536K)
[66.802s][info][gc           ] GC(41) Pause Young (Allocation Failure) 156M->20M(494M) 0.726ms
[66.802s][info][gc,cpu       ] GC(41) User=0.00s Sys=0.00s Real=0.00s
[68.307s][info][gc,start     ] GC(42) Pause Young (Allocation Failure)
[68.307s][info][gc,task      ] GC(42) Using 8 workers of 8 for evacuation
[68.308s][info][gc,heap      ] GC(42) ParNew: 139802K->38K(157248K)
[68.308s][info][gc,heap      ] GC(42) CMS: 20596K->20596K(349568K)
[68.308s][info][gc,metaspace ] GC(42) Metaspace: 43961K->43961K(1089536K)
[68.308s][info][gc           ] GC(42) Pause Young (Allocation Failure) 156M->20M(494M) 0.822ms
[68.308s][info][gc,cpu       ] GC(42) User=0.00s Sys=0.00s Real=0.00s
