[0.009s][info][gc,heap] Heap region size: 1M
[0.023s][info][gc     ] Using G1
[0.024s][info][gc,heap,coops] Heap address: 0x00000000e0000000, size: 512 MB, Compressed Oops mode: 32-bit
[0.551s][info][gc,start     ] GC(0) Pause Young (Normal) (G1 Evacuation Pause)
[0.551s][info][gc,task      ] GC(0) Using 8 workers of 8 for evacuation
[0.554s][info][gc,phases    ] GC(0)   Pre Evacuate Collection Set: 0.0ms
[0.554s][info][gc,phases    ] GC(0)   Evacuate Collection Set: 2.0ms
[0.554s][info][gc,phases    ] GC(0)   Post Evacuate Collection Set: 0.3ms
[0.554s][info][gc,phases    ] GC(0)   Other: 0.6ms
[0.554s][info][gc,heap      ] GC(0) Eden regions: 25->0(304)
[0.554s][info][gc,heap      ] GC(0) Survivor regions: 0->3(4)
[0.554s][info][gc,heap      ] GC(0) Old regions: 0->0
[0.554s][info][gc,heap      ] GC(0) Humongous regions: 0->0
[0.554s][info][gc,metaspace ] GC(0) Metaspace: 11266K->11266K(1060864K)
[0.554s][info][gc           ] GC(0) Pause Young (Normal) (G1 Evacuation Pause) 25M->2M(512M) 3.275ms
[0.554s][info][gc,cpu       ] GC(0) User=0.11s Sys=0.00s Real=0.00s
[1.105s][info][gc,start     ] GC(1) Pause Young (Concurrent Start) (Metadata GC Threshold)
[1.105s][info][gc,task      ] GC(1) Using 8 workers of 8 for evacuation
[1.110s][info][gc,phases    ] GC(1)   Pre Evacuate Collection Set: 0.0ms
[1.110s][info][gc,phases    ] GC(1)   Evacuate Collection Set: 4.1ms
[1.110s][info][gc,phases    ] GC(1)   Post Evacuate Collection Set: 0.5ms
[1.110s][info][gc,phases    ] GC(1)   Other: 0.2ms
[1.110s][info][gc,heap      ] GC(1) Eden regions: 78->0(91)
[1.110s][info][gc,heap      ] GC(1) Survivor regions: 3->6(39)
[1.110s][info][gc,heap      ] GC(1) Old regions: 0->0
[1.110s][info][gc,heap      ] GC(1) Humongous regions: 0->0
[1.110s][info][gc,metaspace ] GC(1) Metaspace: 20566K->20566K(1069056K)
[1.110s][info][gc           ] GC(1) Pause Young (Concurrent Start) (Metadata GC Threshold) 80M->5M(512M) 5.042ms
[1.111s][info][gc,cpu       ] GC(1) User=0.00s Sys=0.00s Real=0.01s
[1.111s][info][gc           ] GC(2) Concurrent Cycle
[1.111s][info][gc,marking   ] GC(2) Concurrent Clear Claimed Marks
[1.111s][info][gc,marking   ] GC(2) Concurrent Clear Claimed Marks 0.042ms
[1.111s][info][gc,marking   ] GC(2) Concurrent Scan Root Regions
[1.113s][info][gc,marking   ] GC(2) Concurrent Scan Root Regions 2.611ms
[1.113s][info][gc,marking   ] GC(2) Concurrent Mark (1.113s)
[1.113s][info][gc,marking   ] GC(2) Concurrent Mark From Roots
[1.113s][info][gc,task      ] GC(2) Using 2 workers of 2 for marking
[1.114s][info][gc,marking   ] GC(2) Concurrent Mark From Roots 0.751ms
[1.114s][info][gc,marking   ] GC(2) Concurrent Preclean
[1.114s][info][gc,marking   ] GC(2) Concurrent Preclean 0.226ms
[1.114s][info][gc,marking   ] GC(2) Concurrent Mark (1.113s, 1.114s) 1.074ms
[1.115s][info][gc,start     ] GC(2) Pause Remark
[1.116s][info][gc,stringtable] GC(2) Cleaned string and symbol table, strings: 8033 processed, 0 removed, symbols: 66556 processed, 88 removed
[1.116s][info][gc            ] GC(2) Pause Remark 5M->5M(512M) 1.432ms
[1.116s][info][gc,cpu        ] GC(2) User=0.13s Sys=0.00s Real=0.00s
[1.116s][info][gc,marking    ] GC(2) Concurrent Rebuild Remembered Sets
[1.116s][info][gc,marking    ] GC(2) Concurrent Rebuild Remembered Sets 0.176ms
[1.116s][info][gc,start      ] GC(2) Pause Cleanup
[1.116s][info][gc            ] GC(2) Pause Cleanup 5M->5M(512M) 0.105ms
[1.117s][info][gc,cpu        ] GC(2) User=0.00s Sys=0.00s Real=0.00s
[1.117s][info][gc,marking    ] GC(2) Concurrent Cleanup for Next Mark
[1.117s][info][gc,marking    ] GC(2) Concurrent Cleanup for Next Mark 0.423ms
[1.117s][info][gc            ] GC(2) Concurrent Cycle 6.689ms
[1.753s][info][gc,start      ] GC(3) Pause Young (Normal) (G1 Evacuation Pause)
[1.753s][info][gc,task       ] GC(3) Using 8 workers of 8 for evacuation
[1.758s][info][gc,phases     ] GC(3)   Pre Evacuate Collection Set: 0.0ms
[1.758s][info][gc,phases     ] GC(3)   Evacuate Collection Set: 4.9ms
[1.758s][info][gc,phases     ] GC(3)   Post Evacuate Collection Set: 0.5ms
[1.759s][info][gc,phases     ] GC(3)   Other: 0.1ms
[1.759s][info][gc,heap       ] GC(3) Eden regions: 91->0(298)
[1.759s][info][gc,heap       ] GC(3) Survivor regions: 6->9(13)
[1.759s][info][gc,heap       ] GC(3) Old regions: 0->0
[1.759s][info][gc,heap       ] GC(3) Humongous regions: 0->0
[1.759s][info][gc,metaspace  ] GC(3) Metaspace: 30247K->30247K(1077248K)
[1.759s][info][gc            ] GC(3) Pause Young (Normal) (G1 Evacuation Pause) 96M->8M(512M) 5.761ms
[1.759s][info][gc,cpu        ] GC(3) User=0.11s Sys=0.02s Real=0.01s
[2.919s][info][gc,start      ] GC(4) Pause Young (Concurrent Start) (Metadata GC Threshold)
[2.919s][info][gc,task       ] GC(4) Using 8 workers of 8 for evacuation
[2.928s][info][gc,phases     ] GC(4)   Pre Evacuate Collection Set: 0.0ms
[2.928s][info][gc,phases     ] GC(4)   Evacuate Collection Set: 8.5ms
[2.928s][info][gc,phases     ] GC(4)   Post Evacuate Collection Set: 0.8ms
[2.928s][info][gc,phases     ] GC(4)   Other: 0.2ms
[2.928s][info][gc,heap       ] GC(4) Eden regions: 66->0(291)
[2.928s][info][gc,heap       ] GC(4) Survivor regions: 9->12(39)
[2.928s][info][gc,heap       ] GC(4) Old regions: 0->0
[2.928s][info][gc,heap       ] GC(4) Humongous regions: 0->0
[2.928s][info][gc,metaspace  ] GC(4) Metaspace: 34697K->34697K(1081344K)
[2.928s][info][gc            ] GC(4) Pause Young (Concurrent Start) (Metadata GC Threshold) 73M->12M(512M) 9.651ms
[2.928s][info][gc,cpu        ] GC(4) User=0.05s Sys=0.00s Real=0.01s
[2.928s][info][gc            ] GC(5) Concurrent Cycle
[2.928s][info][gc,marking    ] GC(5) Concurrent Clear Claimed Marks
[2.928s][info][gc,marking    ] GC(5) Concurrent Clear Claimed Marks 0.061ms
[2.928s][info][gc,marking    ] GC(5) Concurrent Scan Root Regions
[2.934s][info][gc,marking    ] GC(5) Concurrent Scan Root Regions 5.625ms
[2.934s][info][gc,marking    ] GC(5) Concurrent Mark (2.934s)
[2.934s][info][gc,marking    ] GC(5) Concurrent Mark From Roots
[2.934s][info][gc,task       ] GC(5) Using 2 workers of 2 for marking
[2.935s][info][gc,marking    ] GC(5) Concurrent Mark From Roots 0.441ms
[2.935s][info][gc,marking    ] GC(5) Concurrent Preclean
[2.935s][info][gc,marking    ] GC(5) Concurrent Preclean 0.204ms
[2.935s][info][gc,marking    ] GC(5) Concurrent Mark (2.934s, 2.935s) 0.726ms
[2.935s][info][gc,start      ] GC(5) Pause Remark
[2.938s][info][gc,stringtable] GC(5) Cleaned string and symbol table, strings: 15224 processed, 0 removed, symbols: 104853 processed, 477 removed
[2.938s][info][gc            ] GC(5) Pause Remark 12M->12M(512M) 3.041ms
[2.938s][info][gc,cpu        ] GC(5) User=0.00s Sys=0.00s Real=0.00s
[2.938s][info][gc,marking    ] GC(5) Concurrent Rebuild Remembered Sets
[2.938s][info][gc,marking    ] GC(5) Concurrent Rebuild Remembered Sets 0.055ms
[2.938s][info][gc,start      ] GC(5) Pause Cleanup
[2.939s][info][gc            ] GC(5) Pause Cleanup 12M->12M(512M) 0.115ms
[2.939s][info][gc,cpu        ] GC(5) User=0.00s Sys=0.00s Real=0.00s
[2.939s][info][gc,marking    ] GC(5) Concurrent Cleanup for Next Mark
[2.939s][info][gc,marking    ] GC(5) Concurrent Cleanup for Next Mark 0.397ms
[2.939s][info][gc            ] GC(5) Concurrent Cycle 10.764ms
[87.004s][info][gc,start      ] GC(6) Pause Young (Normal) (G1 Evacuation Pause)
[87.004s][info][gc,task       ] GC(6) Using 8 workers of 8 for evacuation
[87.017s][info][gc,phases     ] GC(6)   Pre Evacuate Collection Set: 0.0ms
[87.017s][info][gc,phases     ] GC(6)   Evacuate Collection Set: 11.0ms
[87.017s][info][gc,phases     ] GC(6)   Post Evacuate Collection Set: 1.7ms
[87.017s][info][gc,phases     ] GC(6)   Other: 0.3ms
[87.018s][info][gc,heap       ] GC(6) Eden regions: 291->0(287)
[87.018s][info][gc,heap       ] GC(6) Survivor regions: 12->20(38)
[87.018s][info][gc,heap       ] GC(6) Old regions: 0->0
[87.018s][info][gc,heap       ] GC(6) Humongous regions: 0->0
[87.018s][info][gc,metaspace  ] GC(6) Metaspace: 43672K->43672K(1089536K)
[87.018s][info][gc            ] GC(6) Pause Young (Normal) (G1 Evacuation Pause) 303M->20M(512M) 13.339ms
[87.018s][info][gc,cpu        ] GC(6) User=0.13s Sys=0.00s Real=0.01s
[92.392s][info][gc,start      ] GC(7) Pause Young (Normal) (G1 Evacuation Pause)
[92.392s][info][gc,task       ] GC(7) Using 8 workers of 8 for evacuation
[92.401s][info][gc,phases     ] GC(7)   Pre Evacuate Collection Set: 0.0ms
[92.401s][info][gc,phases     ] GC(7)   Evacuate Collection Set: 8.5ms
[92.401s][info][gc,phases     ] GC(7)   Post Evacuate Collection Set: 1.1ms
[92.401s][info][gc,phases     ] GC(7)   Other: 0.2ms
[92.401s][info][gc,heap       ] GC(7) Eden regions: 287->0(287)
[92.401s][info][gc,heap       ] GC(7) Survivor regions: 20->20(39)
[92.401s][info][gc,heap       ] GC(7) Old regions: 0->0
[92.401s][info][gc,heap       ] GC(7) Humongous regions: 0->0
[92.402s][info][gc,metaspace  ] GC(7) Metaspace: 43710K->43710K(1089536K)
[92.402s][info][gc            ] GC(7) Pause Young (Normal) (G1 Evacuation Pause) 307M->20M(512M) 10.000ms
[92.402s][info][gc,cpu        ] GC(7) User=0.09s Sys=0.03s Real=0.01s
[96.133s][info][gc,start      ] GC(8) Pause Young (Normal) (G1 Evacuation Pause)
[96.133s][info][gc,task       ] GC(8) Using 8 workers of 8 for evacuation
[96.142s][info][gc,phases     ] GC(8)   Pre Evacuate Collection Set: 0.0ms
[96.143s][info][gc,phases     ] GC(8)   Evacuate Collection Set: 7.5ms
[96.143s][info][gc,phases     ] GC(8)   Post Evacuate Collection Set: 1.4ms
[96.143s][info][gc,phases     ] GC(8)   Other: 0.2ms
[96.143s][info][gc,heap       ] GC(8) Eden regions: 287->0(287)
[96.143s][info][gc,heap       ] GC(8) Survivor regions: 20->20(39)
[96.143s][info][gc,heap       ] GC(8) Old regions: 0->0
[96.143s][info][gc,heap       ] GC(8) Humongous regions: 0->0
[96.143s][info][gc,metaspace  ] GC(8) Metaspace: 43751K->43751K(1089536K)
[96.143s][info][gc            ] GC(8) Pause Young (Normal) (G1 Evacuation Pause) 307M->19M(512M) 9.347ms
[96.143s][info][gc,cpu        ] GC(8) User=0.00s Sys=0.00s Real=0.01s
[99.961s][info][gc,start      ] GC(9) Pause Young (Normal) (G1 Evacuation Pause)
[99.961s][info][gc,task       ] GC(9) Using 8 workers of 8 for evacuation
[99.971s][info][gc,phases     ] GC(9)   Pre Evacuate Collection Set: 0.0ms
[99.971s][info][gc,phases     ] GC(9)   Evacuate Collection Set: 8.2ms
[99.971s][info][gc,phases     ] GC(9)   Post Evacuate Collection Set: 1.4ms
[99.971s][info][gc,phases     ] GC(9)   Other: 0.2ms
[99.971s][info][gc,heap       ] GC(9) Eden regions: 287->0(286)
[99.971s][info][gc,heap       ] GC(9) Survivor regions: 20->21(39)
[99.971s][info][gc,heap       ] GC(9) Old regions: 0->0
[99.971s][info][gc,heap       ] GC(9) Humongous regions: 0->0
[99.971s][info][gc,metaspace  ] GC(9) Metaspace: 43764K->43764K(1089536K)
[99.971s][info][gc            ] GC(9) Pause Young (Normal) (G1 Evacuation Pause) 306M->20M(512M) 10.046ms
[99.971s][info][gc,cpu        ] GC(9) User=0.00s Sys=0.00s Real=0.01s
[103.713s][info][gc,start      ] GC(10) Pause Young (Normal) (G1 Evacuation Pause)
[103.713s][info][gc,task       ] GC(10) Using 8 workers of 8 for evacuation
[103.722s][info][gc,phases     ] GC(10)   Pre Evacuate Collection Set: 0.0ms
[103.722s][info][gc,phases     ] GC(10)   Evacuate Collection Set: 7.8ms
[103.722s][info][gc,phases     ] GC(10)   Post Evacuate Collection Set: 1.3ms
[103.722s][info][gc,phases     ] GC(10)   Other: 0.2ms
[103.722s][info][gc,heap       ] GC(10) Eden regions: 286->0(287)
[103.722s][info][gc,heap       ] GC(10) Survivor regions: 21->20(39)
[103.722s][info][gc,heap       ] GC(10) Old regions: 0->0
[103.722s][info][gc,heap       ] GC(10) Humongous regions: 0->0
[103.722s][info][gc,metaspace  ] GC(10) Metaspace: 43776K->43776K(1089536K)
[103.722s][info][gc            ] GC(10) Pause Young (Normal) (G1 Evacuation Pause) 306M->20M(512M) 9.543ms
[103.722s][info][gc,cpu        ] GC(10) User=0.00s Sys=0.00s Real=0.01s
[106.928s][info][gc,start      ] GC(11) Pause Young (Normal) (G1 Evacuation Pause)
[106.928s][info][gc,task       ] GC(11) Using 8 workers of 8 for evacuation
[106.938s][info][gc,phases     ] GC(11)   Pre Evacuate Collection Set: 0.0ms
[106.938s][info][gc,phases     ] GC(11)   Evacuate Collection Set: 7.9ms
[106.938s][info][gc,phases     ] GC(11)   Post Evacuate Collection Set: 1.4ms
[106.938s][info][gc,phases     ] GC(11)   Other: 0.2ms
[106.938s][info][gc,heap       ] GC(11) Eden regions: 287->0(286)
[106.938s][info][gc,heap       ] GC(11) Survivor regions: 20->21(39)
[106.938s][info][gc,heap       ] GC(11) Old regions: 0->0
[106.938s][info][gc,heap       ] GC(11) Humongous regions: 0->0
[106.938s][info][gc,metaspace  ] GC(11) Metaspace: 43779K->43779K(1089536K)
[106.938s][info][gc            ] GC(11) Pause Young (Normal) (G1 Evacuation Pause) 307M->20M(512M) 9.676ms
[106.938s][info][gc,cpu        ] GC(11) User=0.00s Sys=0.00s Real=0.01s
[110.170s][info][gc,start      ] GC(12) Pause Young (Normal) (G1 Evacuation Pause)
[110.171s][info][gc,task       ] GC(12) Using 8 workers of 8 for evacuation
[110.179s][info][gc,phases     ] GC(12)   Pre Evacuate Collection Set: 0.0ms
[110.180s][info][gc,phases     ] GC(12)   Evacuate Collection Set: 7.7ms
[110.180s][info][gc,phases     ] GC(12)   Post Evacuate Collection Set: 1.0ms
[110.180s][info][gc,phases     ] GC(12)   Other: 0.2ms
[110.180s][info][gc,heap       ] GC(12) Eden regions: 286->0(287)
[110.180s][info][gc,heap       ] GC(12) Survivor regions: 21->20(39)
[110.180s][info][gc,heap       ] GC(12) Old regions: 0->0
[110.180s][info][gc,heap       ] GC(12) Humongous regions: 0->0
[110.180s][info][gc,metaspace  ] GC(12) Metaspace: 43798K->43798K(1089536K)
[110.180s][info][gc            ] GC(12) Pause Young (Normal) (G1 Evacuation Pause) 306M->20M(512M) 9.187ms
[110.180s][info][gc,cpu        ] GC(12) User=0.13s Sys=0.00s Real=0.01s
[113.354s][info][gc,start      ] GC(13) Pause Young (Normal) (G1 Evacuation Pause)
[113.354s][info][gc,task       ] GC(13) Using 8 workers of 8 for evacuation
[113.363s][info][gc,phases     ] GC(13)   Pre Evacuate Collection Set: 0.0ms
[113.363s][info][gc,phases     ] GC(13)   Evacuate Collection Set: 7.5ms
[113.363s][info][gc,phases     ] GC(13)   Post Evacuate Collection Set: 1.3ms
[113.363s][info][gc,phases     ] GC(13)   Other: 0.2ms
[113.363s][info][gc,heap       ] GC(13) Eden regions: 287->0(287)
[113.363s][info][gc,heap       ] GC(13) Survivor regions: 20->20(39)
[113.363s][info][gc,heap       ] GC(13) Old regions: 0->0
[113.363s][info][gc,heap       ] GC(13) Humongous regions: 0->0
[113.363s][info][gc,metaspace  ] GC(13) Metaspace: 43798K->43798K(1089536K)
[113.364s][info][gc            ] GC(13) Pause Young (Normal) (G1 Evacuation Pause) 307M->20M(512M) 9.235ms
[113.364s][info][gc,cpu        ] GC(13) User=0.00s Sys=0.00s Real=0.01s
[116.329s][info][gc,start      ] GC(14) Pause Young (Normal) (G1 Evacuation Pause)
[116.329s][info][gc,task       ] GC(14) Using 8 workers of 8 for evacuation
[116.338s][info][gc,phases     ] GC(14)   Pre Evacuate Collection Set: 0.0ms
[116.338s][info][gc,phases     ] GC(14)   Evacuate Collection Set: 7.3ms
[116.338s][info][gc,phases     ] GC(14)   Post Evacuate Collection Set: 1.1ms
[116.338s][info][gc,phases     ] GC(14)   Other: 0.2ms
[116.338s][info][gc,heap       ] GC(14) Eden regions: 287->0(286)
[116.338s][info][gc,heap       ] GC(14) Survivor regions: 20->21(39)
[116.338s][info][gc,heap       ] GC(14) Old regions: 0->0
[116.338s][info][gc,heap       ] GC(14) Humongous regions: 0->0
[116.338s][info][gc,metaspace  ] GC(14) Metaspace: 43799K->43799K(1089536K)
[116.338s][info][gc            ] GC(14) Pause Young (Normal) (G1 Evacuation Pause) 307M->20M(512M) 8.845ms
[116.338s][info][gc,cpu        ] GC(14) User=0.09s Sys=0.00s Real=0.01s
[119.398s][info][gc,start      ] GC(15) Pause Young (Normal) (G1 Evacuation Pause)
[119.398s][info][gc,task       ] GC(15) Using 8 workers of 8 for evacuation
[119.407s][info][gc,phases     ] GC(15)   Pre Evacuate Collection Set: 0.0ms
[119.407s][info][gc,phases     ] GC(15)   Evacuate Collection Set: 7.8ms
[119.407s][info][gc,phases     ] GC(15)   Post Evacuate Collection Set: 1.2ms
[119.407s][info][gc,phases     ] GC(15)   Other: 0.2ms
[119.407s][info][gc,heap       ] GC(15) Eden regions: 286->0(286)
[119.407s][info][gc,heap       ] GC(15) Survivor regions: 21->21(39)
[119.407s][info][gc,heap       ] GC(15) Old regions: 0->0
[119.407s][info][gc,heap       ] GC(15) Humongous regions: 0->0
[119.407s][info][gc,metaspace  ] GC(15) Metaspace: 43799K->43799K(1089536K)
[119.408s][info][gc            ] GC(15) Pause Young (Normal) (G1 Evacuation Pause) 306M->20M(512M) 9.683ms
[119.408s][info][gc,cpu        ] GC(15) User=0.00s Sys=0.00s Real=0.01s
[122.396s][info][gc,start      ] GC(16) Pause Young (Normal) (G1 Evacuation Pause)
[122.396s][info][gc,task       ] GC(16) Using 8 workers of 8 for evacuation
[122.405s][info][gc,phases     ] GC(16)   Pre Evacuate Collection Set: 0.0ms
[122.405s][info][gc,phases     ] GC(16)   Evacuate Collection Set: 7.5ms
[122.405s][info][gc,phases     ] GC(16)   Post Evacuate Collection Set: 1.3ms
[122.405s][info][gc,phases     ] GC(16)   Other: 0.2ms
[122.405s][info][gc,heap       ] GC(16) Eden regions: 286->0(286)
[122.405s][info][gc,heap       ] GC(16) Survivor regions: 21->21(39)
[122.405s][info][gc,heap       ] GC(16) Old regions: 0->0
[122.405s][info][gc,heap       ] GC(16) Humongous regions: 0->0
[122.405s][info][gc,metaspace  ] GC(16) Metaspace: 43801K->43801K(1089536K)
[122.405s][info][gc            ] GC(16) Pause Young (Normal) (G1 Evacuation Pause) 306M->20M(512M) 9.228ms
[122.405s][info][gc,cpu        ] GC(16) User=0.13s Sys=0.00s Real=0.01s
[125.394s][info][gc,start      ] GC(17) Pause Young (Normal) (G1 Evacuation Pause)
[125.394s][info][gc,task       ] GC(17) Using 8 workers of 8 for evacuation
[125.403s][info][gc,phases     ] GC(17)   Pre Evacuate Collection Set: 0.0ms
[125.403s][info][gc,phases     ] GC(17)   Evacuate Collection Set: 7.7ms
[125.403s][info][gc,phases     ] GC(17)   Post Evacuate Collection Set: 1.1ms
[125.403s][info][gc,phases     ] GC(17)   Other: 0.3ms
[125.403s][info][gc,heap       ] GC(17) Eden regions: 286->0(288)
[125.403s][info][gc,heap       ] GC(17) Survivor regions: 21->19(39)
[125.403s][info][gc,heap       ] GC(17) Old regions: 0->3
[125.403s][info][gc,heap       ] GC(17) Humongous regions: 0->0
[125.403s][info][gc,metaspace  ] GC(17) Metaspace: 43801K->43801K(1089536K)
[125.403s][info][gc            ] GC(17) Pause Young (Normal) (G1 Evacuation Pause) 306M->20M(512M) 9.343ms
[125.403s][info][gc,cpu        ] GC(17) User=0.13s Sys=0.00s Real=0.01s
[128.405s][info][gc,start      ] GC(18) Pause Young (Normal) (G1 Evacuation Pause)
[128.405s][info][gc,task       ] GC(18) Using 8 workers of 8 for evacuation
[128.412s][info][gc,phases     ] GC(18)   Pre Evacuate Collection Set: 0.0ms
[128.412s][info][gc,phases     ] GC(18)   Evacuate Collection Set: 5.9ms
[128.412s][info][gc,phases     ] GC(18)   Post Evacuate Collection Set: 0.8ms
[128.412s][info][gc,phases     ] GC(18)   Other: 0.2ms
[128.412s][info][gc,heap       ] GC(18) Eden regions: 288->0(291)
[128.412s][info][gc,heap       ] GC(18) Survivor regions: 19->16(39)
[128.412s][info][gc,heap       ] GC(18) Old regions: 3->5
[128.412s][info][gc,heap       ] GC(18) Humongous regions: 0->0
[128.412s][info][gc,metaspace  ] GC(18) Metaspace: 43805K->43805K(1089536K)
[128.412s][info][gc            ] GC(18) Pause Young (Normal) (G1 Evacuation Pause) 308M->20M(512M) 7.184ms
[128.412s][info][gc,cpu        ] GC(18) User=0.00s Sys=0.00s Real=0.01s
[131.497s][info][gc,start      ] GC(19) Pause Young (Normal) (G1 Evacuation Pause)
[131.497s][info][gc,task       ] GC(19) Using 8 workers of 8 for evacuation
[131.503s][info][gc,phases     ] GC(19)   Pre Evacuate Collection Set: 0.0ms
[131.503s][info][gc,phases     ] GC(19)   Evacuate Collection Set: 5.7ms
[131.504s][info][gc,phases     ] GC(19)   Post Evacuate Collection Set: 0.4ms
[131.504s][info][gc,phases     ] GC(19)   Other: 0.2ms
[131.504s][info][gc,heap       ] GC(19) Eden regions: 291->0(293)
[131.504s][info][gc,heap       ] GC(19) Survivor regions: 16->14(39)
[131.504s][info][gc,heap       ] GC(19) Old regions: 5->8
[131.504s][info][gc,heap       ] GC(19) Humongous regions: 0->0
[131.504s][info][gc,metaspace  ] GC(19) Metaspace: 43808K->43808K(1089536K)
[131.504s][info][gc            ] GC(19) Pause Young (Normal) (G1 Evacuation Pause) 311M->20M(512M) 6.526ms
[131.504s][info][gc,cpu        ] GC(19) User=0.00s Sys=0.00s Real=0.01s
[137.060s][info][gc,start      ] GC(20) Pause Young (Normal) (G1 Evacuation Pause)
[137.060s][info][gc,task       ] GC(20) Using 8 workers of 8 for evacuation
[137.064s][info][gc,phases     ] GC(20)   Pre Evacuate Collection Set: 0.0ms
[137.064s][info][gc,phases     ] GC(20)   Evacuate Collection Set: 3.7ms
[137.064s][info][gc,phases     ] GC(20)   Post Evacuate Collection Set: 0.3ms
[137.064s][info][gc,phases     ] GC(20)   Other: 0.2ms
[137.064s][info][gc,heap       ] GC(20) Eden regions: 293->0(296)
[137.064s][info][gc,heap       ] GC(20) Survivor regions: 14->11(39)
[137.064s][info][gc,heap       ] GC(20) Old regions: 8->11
[137.064s][info][gc,heap       ] GC(20) Humongous regions: 0->0
[137.064s][info][gc,metaspace  ] GC(20) Metaspace: 43809K->43809K(1089536K)
[137.064s][info][gc            ] GC(20) Pause Young (Normal) (G1 Evacuation Pause) 313M->20M(512M) 4.469ms
[137.064s][info][gc,cpu        ] GC(20) User=0.00s Sys=0.00s Real=0.01s
