[0.012s][info][gc,heap] Heap region size: 1M
[0.040s][info][gc     ] Using G1
[0.040s][info][gc,heap,coops] Heap address: 0x00000000c0000000, size: 1024 MB, Compressed Oops mode: 32-bit
[0.783s][info][gc,start     ] GC(0) Pause Young (Normal) (G1 Evacuation Pause)
[0.783s][info][gc,task      ] GC(0) Using 8 workers of 8 for evacuation
[0.800s][info][gc,phases    ] GC(0)   Pre Evacuate Collection Set: 0.0ms
[0.800s][info][gc,phases    ] GC(0)   Evacuate Collection Set: 15.5ms
[0.800s][info][gc,phases    ] GC(0)   Post Evacuate Collection Set: 0.6ms
[0.800s][info][gc,phases    ] GC(0)   Other: 0.7ms
[0.800s][info][gc,heap      ] GC(0) Eden regions: 51->0(44)
[0.800s][info][gc,heap      ] GC(0) Survivor regions: 0->7(7)
[0.800s][info][gc,heap      ] GC(0) Old regions: 0->6
[0.800s][info][gc,heap      ] GC(0) Humongous regions: 16->8
[0.800s][info][gc,metaspace ] GC(0) Metaspace: 15053K->15053K(1062912K)
[0.800s][info][gc           ] GC(0) Pause Young (Normal) (G1 Evacuation Pause) 66M->20M(1024M) 17.294ms
[0.800s][info][gc,cpu       ] GC(0) User=0.08s Sys=0.00s Real=0.02s
[0.824s][info][gc,start     ] GC(1) Pause Young (Normal) (G1 Evacuation Pause)
[0.824s][info][gc,task      ] GC(1) Using 8 workers of 8 for evacuation
[0.828s][info][gc,phases    ] GC(1)   Pre Evacuate Collection Set: 0.0ms
[0.829s][info][gc,phases    ] GC(1)   Evacuate Collection Set: 4.2ms
[0.829s][info][gc,phases    ] GC(1)   Post Evacuate Collection Set: 0.3ms
[0.829s][info][gc,phases    ] GC(1)   Other: 0.2ms
[0.829s][info][gc,heap      ] GC(1) Eden regions: 44->0(44)
[0.829s][info][gc,heap      ] GC(1) Survivor regions: 7->7(7)
[0.829s][info][gc,heap      ] GC(1) Old regions: 6->25
[0.829s][info][gc,heap      ] GC(1) Humongous regions: 30->15
[0.829s][info][gc,metaspace ] GC(1) Metaspace: 15065K->15065K(1062912K)
[0.829s][info][gc           ] GC(1) Pause Young (Normal) (G1 Evacuation Pause) 86M->46M(1024M) 4.931ms
[0.829s][info][gc,cpu       ] GC(1) User=0.00s Sys=0.00s Real=0.01s
[0.842s][info][gc,start     ] GC(2) Pause Young (Normal) (G1 Evacuation Pause)
[0.842s][info][gc,task      ] GC(2) Using 8 workers of 8 for evacuation
[0.846s][info][gc,phases    ] GC(2)   Pre Evacuate Collection Set: 0.0ms
[0.846s][info][gc,phases    ] GC(2)   Evacuate Collection Set: 2.9ms
[0.846s][info][gc,phases    ] GC(2)   Post Evacuate Collection Set: 0.2ms
[0.846s][info][gc,phases    ] GC(2)   Other: 0.1ms
[0.846s][info][gc,heap      ] GC(2) Eden regions: 44->0(80)
[0.846s][info][gc,heap      ] GC(2) Survivor regions: 7->7(7)
[0.846s][info][gc,heap      ] GC(2) Old regions: 25->43
[0.846s][info][gc,heap      ] GC(2) Humongous regions: 43->26
[0.846s][info][gc,metaspace ] GC(2) Metaspace: 15065K->15065K(1062912K)
[0.846s][info][gc           ] GC(2) Pause Young (Normal) (G1 Evacuation Pause) 118M->75M(1024M) 3.446ms
[0.846s][info][gc,cpu       ] GC(2) User=0.00s Sys=0.00s Real=0.00s
[0.888s][info][gc,start     ] GC(3) Pause Young (Normal) (G1 Evacuation Pause)
[0.888s][info][gc,task      ] GC(3) Using 8 workers of 8 for evacuation
[0.894s][info][gc,phases    ] GC(3)   Pre Evacuate Collection Set: 0.0ms
[0.894s][info][gc,phases    ] GC(3)   Evacuate Collection Set: 5.2ms
[0.894s][info][gc,phases    ] GC(3)   Post Evacuate Collection Set: 0.2ms
[0.894s][info][gc,phases    ] GC(3)   Other: 0.1ms
[0.894s][info][gc,heap      ] GC(3) Eden regions: 80->0(85)
[0.894s][info][gc,heap      ] GC(3) Survivor regions: 7->11(11)
[0.894s][info][gc,heap      ] GC(3) Old regions: 43->68
[0.894s][info][gc,heap      ] GC(3) Humongous regions: 71->48
[0.894s][info][gc,metaspace ] GC(3) Metaspace: 15065K->15065K(1062912K)
[0.894s][info][gc           ] GC(3) Pause Young (Normal) (G1 Evacuation Pause) 200M->126M(1024M) 5.826ms
[0.894s][info][gc,cpu       ] GC(3) User=0.00s Sys=0.00s Real=0.01s
[0.915s][info][gc,start     ] GC(4) Pause Young (Normal) (G1 Evacuation Pause)
[0.915s][info][gc,task      ] GC(4) Using 8 workers of 8 for evacuation
[0.921s][info][gc,phases    ] GC(4)   Pre Evacuate Collection Set: 0.1ms
[0.921s][info][gc,phases    ] GC(4)   Evacuate Collection Set: 5.8ms
[0.921s][info][gc,phases    ] GC(4)   Post Evacuate Collection Set: 0.3ms
[0.921s][info][gc,phases    ] GC(4)   Other: 0.2ms
[0.921s][info][gc,heap      ] GC(4) Eden regions: 85->0(93)
[0.921s][info][gc,heap      ] GC(4) Survivor regions: 11->12(12)
[0.921s][info][gc,heap      ] GC(4) Old regions: 68->99
[0.921s][info][gc,heap      ] GC(4) Humongous regions: 90->62
[0.921s][info][gc,metaspace ] GC(4) Metaspace: 15065K->15065K(1062912K)
[0.922s][info][gc           ] GC(4) Pause Young (Normal) (G1 Evacuation Pause) 253M->172M(1024M) 6.565ms
[0.922s][info][gc,cpu       ] GC(4) User=0.06s Sys=0.06s Real=0.01s
[0.950s][info][gc,start     ] GC(5) Pause Young (Normal) (G1 Evacuation Pause)
[0.950s][info][gc,task      ] GC(5) Using 8 workers of 8 for evacuation
[0.958s][info][gc,phases    ] GC(5)   Pre Evacuate Collection Set: 0.1ms
[0.958s][info][gc,phases    ] GC(5)   Evacuate Collection Set: 7.6ms
[0.958s][info][gc,phases    ] GC(5)   Post Evacuate Collection Set: 0.2ms
[0.958s][info][gc,phases    ] GC(5)   Other: 0.2ms
[0.958s][info][gc,heap      ] GC(5) Eden regions: 93->0(110)
[0.958s][info][gc,heap      ] GC(5) Survivor regions: 12->14(14)
[0.958s][info][gc,heap      ] GC(5) Old regions: 99->136
[0.958s][info][gc,heap      ] GC(5) Humongous regions: 129->94
[0.958s][info][gc,metaspace ] GC(5) Metaspace: 15065K->15065K(1062912K)
[0.958s][info][gc           ] GC(5) Pause Young (Normal) (G1 Evacuation Pause) 332M->243M(1024M) 8.210ms
[0.959s][info][gc,cpu       ] GC(5) User=0.00s Sys=0.00s Real=0.01s
[0.992s][info][gc,start     ] GC(6) Pause Young (Normal) (G1 Evacuation Pause)
[0.992s][info][gc,task      ] GC(6) Using 8 workers of 8 for evacuation
[1.000s][info][gc,phases    ] GC(6)   Pre Evacuate Collection Set: 0.1ms
[1.000s][info][gc,phases    ] GC(6)   Evacuate Collection Set: 7.2ms
[1.000s][info][gc,phases    ] GC(6)   Post Evacuate Collection Set: 0.3ms
[1.000s][info][gc,phases    ] GC(6)   Other: 0.1ms
[1.000s][info][gc,heap      ] GC(6) Eden regions: 110->0(394)
[1.000s][info][gc,heap      ] GC(6) Survivor regions: 14->16(16)
[1.000s][info][gc,heap      ] GC(6) Old regions: 136->173
[1.000s][info][gc,heap      ] GC(6) Humongous regions: 154->97
[1.000s][info][gc,metaspace ] GC(6) Metaspace: 15065K->15065K(1062912K)
[1.000s][info][gc           ] GC(6) Pause Young (Normal) (G1 Evacuation Pause) 413M->285M(1024M) 7.866ms
[1.000s][info][gc,cpu       ] GC(6) User=0.00s Sys=0.13s Real=0.01s
[1.256s][info][gc,start     ] GC(7) Pause Young (Concurrent Start) (G1 Humongous Allocation)
[1.256s][info][gc,task      ] GC(7) Using 8 workers of 8 for evacuation
[1.274s][info][gc,phases    ] GC(7)   Pre Evacuate Collection Set: 0.1ms
[1.274s][info][gc,phases    ] GC(7)   Evacuate Collection Set: 16.3ms
[1.274s][info][gc,phases    ] GC(7)   Post Evacuate Collection Set: 0.5ms
[1.274s][info][gc,phases    ] GC(7)   Other: 0.4ms
[1.274s][info][gc,heap      ] GC(7) Eden regions: 374->0(187)
[1.274s][info][gc,heap      ] GC(7) Survivor regions: 16->52(52)
[1.274s][info][gc,heap      ] GC(7) Old regions: 173->248
[1.274s][info][gc,heap      ] GC(7) Humongous regions: 288->127
[1.274s][info][gc,metaspace ] GC(7) Metaspace: 15065K->15065K(1062912K)
[1.274s][info][gc           ] GC(7) Pause Young (Concurrent Start) (G1 Humongous Allocation) 850M->426M(1024M) 17.544ms
[1.274s][info][gc,cpu       ] GC(7) User=0.00s Sys=0.13s Real=0.02s
[1.274s][info][gc           ] GC(8) Concurrent Cycle
[1.274s][info][gc,marking   ] GC(8) Concurrent Clear Claimed Marks
[1.274s][info][gc,marking   ] GC(8) Concurrent Clear Claimed Marks 0.030ms
[1.274s][info][gc,marking   ] GC(8) Concurrent Scan Root Regions
[1.274s][info][gc,marking   ] GC(8) Concurrent Scan Root Regions 0.313ms
[1.274s][info][gc,marking   ] GC(8) Concurrent Mark (1.274s)
[1.274s][info][gc,marking   ] GC(8) Concurrent Mark From Roots
[1.274s][info][gc,task      ] GC(8) Using 2 workers of 2 for marking
[1.281s][info][gc,marking   ] GC(8) Concurrent Mark From Roots 6.237ms
[1.281s][info][gc,marking   ] GC(8) Concurrent Preclean
[1.281s][info][gc,marking   ] GC(8) Concurrent Preclean 0.260ms
[1.281s][info][gc,marking   ] GC(8) Concurrent Mark (1.274s, 1.281s) 6.608ms
[1.281s][info][gc,start     ] GC(8) Pause Remark
[1.282s][info][gc,stringtable] GC(8) Cleaned string and symbol table, strings: 5981 processed, 12 removed, symbols: 50083 processed, 12 removed
[1.282s][info][gc            ] GC(8) Pause Remark 474M->466M(1024M) 1.295ms
[1.283s][info][gc,cpu        ] GC(8) User=0.00s Sys=0.00s Real=0.00s
[1.283s][info][gc,marking    ] GC(8) Concurrent Rebuild Remembered Sets
[1.285s][info][gc,marking    ] GC(8) Concurrent Rebuild Remembered Sets 2.167ms
[1.285s][info][gc,start      ] GC(8) Pause Cleanup
[1.285s][info][gc            ] GC(8) Pause Cleanup 486M->486M(1024M) 0.223ms
[1.285s][info][gc,cpu        ] GC(8) User=0.00s Sys=0.00s Real=0.00s
[1.285s][info][gc,marking    ] GC(8) Concurrent Cleanup for Next Mark
[1.286s][info][gc,marking    ] GC(8) Concurrent Cleanup for Next Mark 1.045ms
[1.286s][info][gc            ] GC(8) Concurrent Cycle 12.216ms
[1.311s][info][gc,start      ] GC(9) Pause Young (Prepare Mixed) (G1 Evacuation Pause)
[1.311s][info][gc,task       ] GC(9) Using 8 workers of 8 for evacuation
[1.323s][info][gc,phases     ] GC(9)   Pre Evacuate Collection Set: 0.2ms
[1.323s][info][gc,phases     ] GC(9)   Evacuate Collection Set: 10.9ms
[1.323s][info][gc,phases     ] GC(9)   Post Evacuate Collection Set: 0.4ms
[1.323s][info][gc,phases     ] GC(9)   Other: 0.2ms
[1.323s][info][gc,heap       ] GC(9) Eden regions: 187->0(21)
[1.323s][info][gc,heap       ] GC(9) Survivor regions: 52->30(30)
[1.323s][info][gc,heap       ] GC(9) Old regions: 240->319
[1.323s][info][gc,heap       ] GC(9) Humongous regions: 236->131
[1.323s][info][gc,metaspace  ] GC(9) Metaspace: 15065K->15065K(1062912K)
[1.323s][info][gc            ] GC(9) Pause Young (Prepare Mixed) (G1 Evacuation Pause) 714M->479M(1024M) 11.858ms
[1.323s][info][gc,cpu        ] GC(9) User=0.02s Sys=0.00s Real=0.01s
[1.326s][info][gc,start      ] GC(10) Pause Young (Mixed) (G1 Evacuation Pause)
[1.326s][info][gc,task       ] GC(10) Using 8 workers of 8 for evacuation
[1.331s][info][gc,phases     ] GC(10)   Pre Evacuate Collection Set: 0.1ms
[1.331s][info][gc,phases     ] GC(10)   Evacuate Collection Set: 3.8ms
[1.331s][info][gc,phases     ] GC(10)   Post Evacuate Collection Set: 0.3ms
[1.331s][info][gc,phases     ] GC(10)   Other: 0.2ms
[1.331s][info][gc,heap       ] GC(10) Eden regions: 21->0(221)
[1.331s][info][gc,heap       ] GC(10) Survivor regions: 30->7(7)
[1.331s][info][gc,heap       ] GC(10) Old regions: 319->290
[1.331s][info][gc,heap       ] GC(10) Humongous regions: 144->132
[1.331s][info][gc,metaspace  ] GC(10) Metaspace: 15065K->15065K(1062912K)
[1.331s][info][gc            ] GC(10) Pause Young (Mixed) (G1 Evacuation Pause) 513M->428M(1024M) 4.702ms
[1.331s][info][gc,cpu        ] GC(10) User=0.00s Sys=0.00s Real=0.01s
[1.342s][info][gc,start      ] GC(11) Pause Young (Concurrent Start) (G1 Humongous Allocation)
[1.342s][info][gc,task       ] GC(11) Using 8 workers of 8 for evacuation
[1.346s][info][gc,phases     ] GC(11)   Pre Evacuate Collection Set: 0.1ms
[1.346s][info][gc,phases     ] GC(11)   Evacuate Collection Set: 2.8ms
[1.346s][info][gc,phases     ] GC(11)   Post Evacuate Collection Set: 0.4ms
[1.346s][info][gc,phases     ] GC(11)   Other: 0.3ms
[1.346s][info][gc,heap       ] GC(11) Eden regions: 65->0(211)
[1.346s][info][gc,heap       ] GC(11) Survivor regions: 7->29(29)
[1.346s][info][gc,heap       ] GC(11) Old regions: 290->293
[1.346s][info][gc,heap       ] GC(11) Humongous regions: 171->132
[1.346s][info][gc,metaspace  ] GC(11) Metaspace: 15065K->15065K(1062912K)
[1.346s][info][gc            ] GC(11) Pause Young (Concurrent Start) (G1 Humongous Allocation) 532M->453M(1024M) 3.753ms
[1.346s][info][gc,cpu        ] GC(11) User=0.00s Sys=0.00s Real=0.00s
[1.346s][info][gc            ] GC(12) Concurrent Cycle
[1.346s][info][gc,marking    ] GC(12) Concurrent Clear Claimed Marks
[1.346s][info][gc,marking    ] GC(12) Concurrent Clear Claimed Marks 0.034ms
[1.346s][info][gc,marking    ] GC(12) Concurrent Scan Root Regions
[1.346s][info][gc,marking    ] GC(12) Concurrent Scan Root Regions 0.086ms
[1.346s][info][gc,marking    ] GC(12) Concurrent Mark (1.346s)
[1.346s][info][gc,marking    ] GC(12) Concurrent Mark From Roots
[1.346s][info][gc,task       ] GC(12) Using 2 workers of 2 for marking
[1.352s][info][gc,marking    ] GC(12) Concurrent Mark From Roots 5.684ms
[1.352s][info][gc,marking    ] GC(12) Concurrent Preclean
[1.352s][info][gc,marking    ] GC(12) Concurrent Preclean 0.225ms
[1.352s][info][gc,marking    ] GC(12) Concurrent Mark (1.346s, 1.352s) 6.038ms
[1.352s][info][gc,start      ] GC(12) Pause Remark
[1.353s][info][gc,stringtable] GC(12) Cleaned string and symbol table, strings: 5969 processed, 0 removed, symbols: 50071 processed, 0 removed
[1.353s][info][gc            ] GC(12) Pause Remark 514M->513M(1024M) 1.091ms
[1.354s][info][gc,cpu        ] GC(12) User=0.00s Sys=0.00s Real=0.00s
[1.354s][info][gc,marking    ] GC(12) Concurrent Rebuild Remembered Sets
[1.356s][info][gc,marking    ] GC(12) Concurrent Rebuild Remembered Sets 2.468ms
[1.356s][info][gc,start      ] GC(12) Pause Cleanup
[1.356s][info][gc            ] GC(12) Pause Cleanup 529M->529M(1024M) 0.171ms
[1.356s][info][gc,cpu        ] GC(12) User=0.00s Sys=0.00s Real=0.00s
[1.356s][info][gc,marking    ] GC(12) Concurrent Cleanup for Next Mark
[1.357s][info][gc,marking    ] GC(12) Concurrent Cleanup for Next Mark 0.987ms
[1.357s][info][gc            ] GC(12) Concurrent Cycle 11.546ms
[1.383s][info][gc,start      ] GC(13) Pause Young (Prepare Mixed) (G1 Evacuation Pause)
[1.384s][info][gc,task       ] GC(13) Using 8 workers of 8 for evacuation
[1.395s][info][gc,phases     ] GC(13)   Pre Evacuate Collection Set: 0.2ms
[1.395s][info][gc,phases     ] GC(13)   Evacuate Collection Set: 10.4ms
[1.395s][info][gc,phases     ] GC(13)   Post Evacuate Collection Set: 0.5ms
[1.395s][info][gc,phases     ] GC(13)   Other: 0.2ms
[1.395s][info][gc,heap       ] GC(13) Eden regions: 211->0(21)
[1.395s][info][gc,heap       ] GC(13) Survivor regions: 29->30(30)
[1.395s][info][gc,heap       ] GC(13) Old regions: 292->364
[1.395s][info][gc,heap       ] GC(13) Humongous regions: 241->153
[1.395s][info][gc,metaspace  ] GC(13) Metaspace: 15065K->15065K(1062912K)
[1.395s][info][gc            ] GC(13) Pause Young (Prepare Mixed) (G1 Evacuation Pause) 772M->546M(1024M) 11.507ms
[1.395s][info][gc,cpu        ] GC(13) User=0.08s Sys=0.02s Real=0.01s
[1.398s][info][gc,start      ] GC(14) Pause Young (Mixed) (G1 Evacuation Pause)
[1.399s][info][gc,task       ] GC(14) Using 8 workers of 8 for evacuation
[1.406s][info][gc,phases     ] GC(14)   Pre Evacuate Collection Set: 0.2ms
[1.406s][info][gc,phases     ] GC(14)   Evacuate Collection Set: 6.4ms
[1.406s][info][gc,phases     ] GC(14)   Post Evacuate Collection Set: 0.3ms
[1.406s][info][gc,phases     ] GC(14)   Other: 0.3ms
[1.406s][info][gc,heap       ] GC(14) Eden regions: 21->0(210)
[1.406s][info][gc,heap       ] GC(14) Survivor regions: 30->7(7)
[1.406s][info][gc,heap       ] GC(14) Old regions: 364->332
[1.406s][info][gc,heap       ] GC(14) Humongous regions: 170->152
[1.406s][info][gc,metaspace  ] GC(14) Metaspace: 15065K->15065K(1062912K)
[1.406s][info][gc            ] GC(14) Pause Young (Mixed) (G1 Evacuation Pause) 584M->490M(1024M) 7.403ms
[1.406s][info][gc,cpu        ] GC(14) User=0.03s Sys=0.03s Real=0.01s
[1.406s][info][gc,start      ] GC(15) Pause Young (Concurrent Start) (G1 Humongous Allocation)
[1.406s][info][gc,task       ] GC(15) Using 8 workers of 8 for evacuation
[1.408s][info][gc,phases     ] GC(15)   Pre Evacuate Collection Set: 0.1ms
[1.408s][info][gc,phases     ] GC(15)   Evacuate Collection Set: 0.7ms
[1.408s][info][gc,phases     ] GC(15)   Post Evacuate Collection Set: 0.2ms
[1.408s][info][gc,phases     ] GC(15)   Other: 0.2ms
[1.408s][info][gc,heap       ] GC(15) Eden regions: 2->0(191)
[1.408s][info][gc,heap       ] GC(15) Survivor regions: 7->7(28)
[1.408s][info][gc,heap       ] GC(15) Old regions: 332->332
[1.408s][info][gc,heap       ] GC(15) Humongous regions: 152->152
[1.408s][info][gc,metaspace  ] GC(15) Metaspace: 15065K->15065K(1062912K)
[1.408s][info][gc            ] GC(15) Pause Young (Concurrent Start) (G1 Humongous Allocation) 491M->490M(1024M) 1.535ms
[1.408s][info][gc,cpu        ] GC(15) User=0.00s Sys=0.00s Real=0.00s
[1.408s][info][gc            ] GC(16) Concurrent Cycle
[1.408s][info][gc,marking    ] GC(16) Concurrent Clear Claimed Marks
[1.408s][info][gc,marking    ] GC(16) Concurrent Clear Claimed Marks 0.030ms
[1.408s][info][gc,marking    ] GC(16) Concurrent Scan Root Regions
[1.408s][info][gc,marking    ] GC(16) Concurrent Scan Root Regions 0.069ms
[1.408s][info][gc,marking    ] GC(16) Concurrent Mark (1.408s)
[1.408s][info][gc,marking    ] GC(16) Concurrent Mark From Roots
[1.408s][info][gc,task       ] GC(16) Using 2 workers of 2 for marking
[1.415s][info][gc,marking    ] GC(16) Concurrent Mark From Roots 6.847ms
[1.415s][info][gc,marking    ] GC(16) Concurrent Preclean
[1.415s][info][gc,marking    ] GC(16) Concurrent Preclean 0.157ms
[1.415s][info][gc,marking    ] GC(16) Concurrent Mark (1.408s, 1.415s) 7.094ms
[1.415s][info][gc,start      ] GC(16) Pause Remark
[1.416s][info][gc,stringtable] GC(16) Cleaned string and symbol table, strings: 5969 processed, 0 removed, symbols: 50071 processed, 0 removed
[1.416s][info][gc            ] GC(16) Pause Remark 538M->534M(1024M) 0.861ms
[1.416s][info][gc,cpu        ] GC(16) User=0.00s Sys=0.00s Real=0.00s
[1.416s][info][gc,marking    ] GC(16) Concurrent Rebuild Remembered Sets
[1.419s][info][gc,marking    ] GC(16) Concurrent Rebuild Remembered Sets 2.940ms
[1.419s][info][gc,start      ] GC(16) Pause Cleanup
[1.420s][info][gc            ] GC(16) Pause Cleanup 559M->559M(1024M) 0.230ms
[1.420s][info][gc,cpu        ] GC(16) User=0.00s Sys=0.00s Real=0.00s
[1.420s][info][gc,marking    ] GC(16) Concurrent Cleanup for Next Mark
[1.421s][info][gc,marking    ] GC(16) Concurrent Cleanup for Next Mark 1.323ms
[1.421s][info][gc            ] GC(16) Concurrent Cycle 13.168ms
[1.449s][info][gc,start      ] GC(17) Pause Young (Prepare Mixed) (G1 Evacuation Pause)
[1.449s][info][gc,task       ] GC(17) Using 8 workers of 8 for evacuation
[1.456s][info][gc,phases     ] GC(17)   Pre Evacuate Collection Set: 0.2ms
[1.456s][info][gc,phases     ] GC(17)   Evacuate Collection Set: 6.3ms
[1.456s][info][gc,phases     ] GC(17)   Post Evacuate Collection Set: 0.5ms
[1.456s][info][gc,phases     ] GC(17)   Other: 0.2ms
[1.456s][info][gc,heap       ] GC(17) Eden regions: 191->0(26)
[1.456s][info][gc,heap       ] GC(17) Survivor regions: 7->25(25)
[1.456s][info][gc,heap       ] GC(17) Old regions: 328->383
[1.456s][info][gc,heap       ] GC(17) Humongous regions: 263->149
[1.456s][info][gc,metaspace  ] GC(17) Metaspace: 15065K->15065K(1062912K)
[1.456s][info][gc            ] GC(17) Pause Young (Prepare Mixed) (G1 Evacuation Pause) 788M->556M(1024M) 7.334ms
[1.456s][info][gc,cpu        ] GC(17) User=0.00s Sys=0.00s Real=0.01s
[1.460s][info][gc,start      ] GC(18) Pause Young (Mixed) (G1 Evacuation Pause)
[1.460s][info][gc,task       ] GC(18) Using 8 workers of 8 for evacuation
[1.466s][info][gc,phases     ] GC(18)   Pre Evacuate Collection Set: 0.1ms
[1.466s][info][gc,phases     ] GC(18)   Evacuate Collection Set: 4.7ms
[1.466s][info][gc,phases     ] GC(18)   Post Evacuate Collection Set: 0.3ms
[1.466s][info][gc,phases     ] GC(18)   Other: 0.2ms
[1.466s][info][gc,heap       ] GC(18) Eden regions: 26->0(194)
[1.466s][info][gc,heap       ] GC(18) Survivor regions: 25->7(7)
[1.466s][info][gc,heap       ] GC(18) Old regions: 383->342
[1.466s][info][gc,heap       ] GC(18) Humongous regions: 166->155
[1.466s][info][gc,metaspace  ] GC(18) Metaspace: 15065K->15065K(1062912K)
[1.466s][info][gc            ] GC(18) Pause Young (Mixed) (G1 Evacuation Pause) 599M->503M(1024M) 5.500ms
[1.466s][info][gc,cpu        ] GC(18) User=0.02s Sys=0.09s Real=0.01s
[1.502s][info][gc,start      ] GC(19) Pause Young (Concurrent Start) (G1 Evacuation Pause)
[1.502s][info][gc,task       ] GC(19) Using 8 workers of 8 for evacuation
[1.510s][info][gc,phases     ] GC(19)   Pre Evacuate Collection Set: 0.2ms
[1.510s][info][gc,phases     ] GC(19)   Evacuate Collection Set: 6.6ms
[1.510s][info][gc,phases     ] GC(19)   Post Evacuate Collection Set: 0.4ms
[1.510s][info][gc,phases     ] GC(19)   Other: 0.3ms
[1.510s][info][gc,heap       ] GC(19) Eden regions: 194->0(168)
[1.510s][info][gc,heap       ] GC(19) Survivor regions: 7->26(26)
[1.510s][info][gc,heap       ] GC(19) Old regions: 342->392
[1.510s][info][gc,heap       ] GC(19) Humongous regions: 272->151
[1.510s][info][gc,metaspace  ] GC(19) Metaspace: 15065K->15065K(1062912K)
[1.510s][info][gc            ] GC(19) Pause Young (Concurrent Start) (G1 Evacuation Pause) 814M->568M(1024M) 7.763ms
[1.510s][info][gc,cpu        ] GC(19) User=0.00s Sys=0.00s Real=0.01s
[1.510s][info][gc            ] GC(20) Concurrent Cycle
[1.510s][info][gc,marking    ] GC(20) Concurrent Clear Claimed Marks
[1.510s][info][gc,marking    ] GC(20) Concurrent Clear Claimed Marks 0.040ms
[1.510s][info][gc,marking    ] GC(20) Concurrent Scan Root Regions
[1.510s][info][gc,marking    ] GC(20) Concurrent Scan Root Regions 0.089ms
[1.510s][info][gc,marking    ] GC(20) Concurrent Mark (1.510s)
[1.510s][info][gc,marking    ] GC(20) Concurrent Mark From Roots
[1.510s][info][gc,task       ] GC(20) Using 2 workers of 2 for marking
[1.516s][info][gc,marking    ] GC(20) Concurrent Mark From Roots 6.155ms
[1.517s][info][gc,marking    ] GC(20) Concurrent Preclean
[1.517s][info][gc,marking    ] GC(20) Concurrent Preclean 0.259ms
[1.517s][info][gc,marking    ] GC(20) Concurrent Mark (1.510s, 1.517s) 6.544ms
[1.517s][info][gc,start      ] GC(20) Pause Remark
[1.518s][info][gc,stringtable] GC(20) Cleaned string and symbol table, strings: 5969 processed, 0 removed, symbols: 50071 processed, 0 removed
[1.518s][info][gc            ] GC(20) Pause Remark 599M->586M(1024M) 1.204ms
[1.518s][info][gc,cpu        ] GC(20) User=0.00s Sys=0.00s Real=0.00s
[1.518s][info][gc,marking    ] GC(20) Concurrent Rebuild Remembered Sets
[1.521s][info][gc,marking    ] GC(20) Concurrent Rebuild Remembered Sets 3.220ms
[1.522s][info][gc,start      ] GC(20) Pause Cleanup
[1.522s][info][gc            ] GC(20) Pause Cleanup 604M->604M(1024M) 0.307ms
[1.522s][info][gc,cpu        ] GC(20) User=0.00s Sys=0.00s Real=0.00s
[1.522s][info][gc,marking    ] GC(20) Concurrent Cleanup for Next Mark
[1.523s][info][gc,marking    ] GC(20) Concurrent Cleanup for Next Mark 0.990ms
[1.523s][info][gc            ] GC(20) Concurrent Cycle 13.003ms
[1.552s][info][gc,start      ] GC(21) Pause Young (Prepare Mixed) (G1 Evacuation Pause)
[1.552s][info][gc,task       ] GC(21) Using 8 workers of 8 for evacuation
[1.560s][info][gc,phases     ] GC(21)   Pre Evacuate Collection Set: 0.2ms
[1.560s][info][gc,phases     ] GC(21)   Evacuate Collection Set: 6.9ms
[1.560s][info][gc,phases     ] GC(21)   Post Evacuate Collection Set: 0.5ms
[1.560s][info][gc,phases     ] GC(21)   Other: 0.2ms
[1.560s][info][gc,heap       ] GC(21) Eden regions: 168->0(26)
[1.560s][info][gc,heap       ] GC(21) Survivor regions: 26->25(25)
[1.560s][info][gc,heap       ] GC(21) Old regions: 379->441
[1.560s][info][gc,heap       ] GC(21) Humongous regions: 263->153
[1.560s][info][gc,metaspace  ] GC(21) Metaspace: 15065K->15065K(1062912K)
[1.560s][info][gc            ] GC(21) Pause Young (Prepare Mixed) (G1 Evacuation Pause) 835M->618M(1024M) 7.942ms
[1.560s][info][gc,cpu        ] GC(21) User=0.09s Sys=0.00s Real=0.01s
[1.564s][info][gc,start      ] GC(22) Pause Young (Mixed) (G1 Evacuation Pause)
[1.564s][info][gc,task       ] GC(22) Using 8 workers of 8 for evacuation
[1.570s][info][gc,phases     ] GC(22)   Pre Evacuate Collection Set: 0.1ms
[1.570s][info][gc,phases     ] GC(22)   Evacuate Collection Set: 4.7ms
[1.570s][info][gc,phases     ] GC(22)   Post Evacuate Collection Set: 0.3ms
[1.570s][info][gc,phases     ] GC(22)   Other: 0.1ms
[1.570s][info][gc,heap       ] GC(22) Eden regions: 26->0(44)
[1.570s][info][gc,heap       ] GC(22) Survivor regions: 25->7(7)
[1.570s][info][gc,heap       ] GC(22) Old regions: 441->381
[1.570s][info][gc,heap       ] GC(22) Humongous regions: 167->158
[1.570s][info][gc,metaspace  ] GC(22) Metaspace: 15065K->15065K(1062912K)
[1.570s][info][gc            ] GC(22) Pause Young (Mixed) (G1 Evacuation Pause) 658M->545M(1024M) 5.525ms
[1.570s][info][gc,cpu        ] GC(22) User=0.00s Sys=0.00s Real=0.01s
[1.578s][info][gc,start      ] GC(23) Pause Young (Mixed) (G1 Evacuation Pause)
[1.578s][info][gc,task       ] GC(23) Using 8 workers of 8 for evacuation
[1.583s][info][gc,phases     ] GC(23)   Pre Evacuate Collection Set: 0.2ms
[1.583s][info][gc,phases     ] GC(23)   Evacuate Collection Set: 3.9ms
[1.583s][info][gc,phases     ] GC(23)   Post Evacuate Collection Set: 0.3ms
[1.583s][info][gc,phases     ] GC(23)   Other: 0.3ms
[1.583s][info][gc,heap       ] GC(23) Eden regions: 44->0(200)
[1.583s][info][gc,heap       ] GC(23) Survivor regions: 7->7(7)
[1.583s][info][gc,heap       ] GC(23) Old regions: 381->352
[1.583s][info][gc,heap       ] GC(23) Humongous regions: 181->159
[1.583s][info][gc,metaspace  ] GC(23) Metaspace: 15065K->15065K(1062912K)
[1.583s][info][gc            ] GC(23) Pause Young (Mixed) (G1 Evacuation Pause) 612M->517M(1024M) 4.893ms
[1.583s][info][gc,cpu        ] GC(23) User=0.00s Sys=0.00s Real=0.01s
[1.627s][info][gc,start      ] GC(24) Pause Young (Normal) (G1 Evacuation Pause)
[1.627s][info][gc,task       ] GC(24) Using 8 workers of 8 for evacuation
[1.636s][info][gc,phases     ] GC(24)   Pre Evacuate Collection Set: 0.2ms
[1.636s][info][gc,phases     ] GC(24)   Evacuate Collection Set: 8.1ms
[1.636s][info][gc,phases     ] GC(24)   Post Evacuate Collection Set: 0.4ms
[1.636s][info][gc,phases     ] GC(24)   Other: 0.3ms
[1.636s][info][gc,heap       ] GC(24) Eden regions: 200->0(152)
[1.636s][info][gc,heap       ] GC(24) Survivor regions: 7->26(26)
[1.637s][info][gc,heap       ] GC(24) Old regions: 352->410
[1.637s][info][gc,heap       ] GC(24) Humongous regions: 282->175
[1.637s][info][gc,metaspace  ] GC(24) Metaspace: 15065K->15065K(1062912K)
[1.637s][info][gc            ] GC(24) Pause Young (Normal) (G1 Evacuation Pause) 840M->610M(1024M) 9.166ms
[1.637s][info][gc,cpu        ] GC(24) User=0.09s Sys=0.00s Real=0.01s
[1.644s][info][gc,start      ] GC(25) Pause Young (Concurrent Start) (G1 Humongous Allocation)
[1.644s][info][gc,task       ] GC(25) Using 8 workers of 8 for evacuation
[1.649s][info][gc,phases     ] GC(25)   Pre Evacuate Collection Set: 0.2ms
[1.649s][info][gc,phases     ] GC(25)   Evacuate Collection Set: 3.7ms
[1.649s][info][gc,phases     ] GC(25)   Post Evacuate Collection Set: 0.2ms
[1.649s][info][gc,phases     ] GC(25)   Other: 0.2ms
[1.649s][info][gc,heap       ] GC(25) Eden regions: 43->0(127)
[1.649s][info][gc,heap       ] GC(25) Survivor regions: 26->21(23)
[1.649s][info][gc,heap       ] GC(25) Old regions: 410->434
[1.649s][info][gc,heap       ] GC(25) Humongous regions: 190->175
[1.649s][info][gc,metaspace  ] GC(25) Metaspace: 15065K->15065K(1062912K)
[1.649s][info][gc            ] GC(25) Pause Young (Concurrent Start) (G1 Humongous Allocation) 667M->628M(1024M) 4.460ms
[1.649s][info][gc,cpu        ] GC(25) User=0.00s Sys=0.00s Real=0.00s
[1.649s][info][gc            ] GC(26) Concurrent Cycle
[1.649s][info][gc,marking    ] GC(26) Concurrent Clear Claimed Marks
[1.649s][info][gc,marking    ] GC(26) Concurrent Clear Claimed Marks 0.036ms
[1.649s][info][gc,marking    ] GC(26) Concurrent Scan Root Regions
[1.649s][info][gc,marking    ] GC(26) Concurrent Scan Root Regions 0.056ms
[1.649s][info][gc,marking    ] GC(26) Concurrent Mark (1.649s)
[1.649s][info][gc,marking    ] GC(26) Concurrent Mark From Roots
[1.649s][info][gc,task       ] GC(26) Using 2 workers of 2 for marking
[1.654s][info][gc,marking    ] GC(26) Concurrent Mark From Roots 4.803ms
[1.654s][info][gc,marking    ] GC(26) Concurrent Preclean
[1.654s][info][gc,marking    ] GC(26) Concurrent Preclean 0.152ms
[1.654s][info][gc,marking    ] GC(26) Concurrent Mark (1.649s, 1.654s) 5.051ms
[1.654s][info][gc,start      ] GC(26) Pause Remark
[1.655s][info][gc,stringtable] GC(26) Cleaned string and symbol table, strings: 5969 processed, 0 removed, symbols: 50071 processed, 0 removed
[1.655s][info][gc            ] GC(26) Pause Remark 678M->665M(1024M) 0.818ms
[1.655s][info][gc,cpu        ] GC(26) User=0.00s Sys=0.00s Real=0.00s
[1.655s][info][gc,marking    ] GC(26) Concurrent Rebuild Remembered Sets
[1.658s][info][gc,marking    ] GC(26) Concurrent Rebuild Remembered Sets 3.211ms
[1.658s][info][gc,start      ] GC(26) Pause Cleanup
[1.659s][info][gc            ] GC(26) Pause Cleanup 679M->679M(1024M) 0.309ms
[1.659s][info][gc,cpu        ] GC(26) User=0.00s Sys=0.00s Real=0.00s
[1.659s][info][gc,marking    ] GC(26) Concurrent Cleanup for Next Mark
[1.660s][info][gc,marking    ] GC(26) Concurrent Cleanup for Next Mark 1.017ms
[1.660s][info][gc            ] GC(26) Concurrent Cycle 11.072ms
[1.674s][info][gc,start      ] GC(27) Pause Young (Prepare Mixed) (G1 Evacuation Pause)
[1.674s][info][gc,task       ] GC(27) Using 8 workers of 8 for evacuation
[1.679s][info][gc,phases     ] GC(27)   Pre Evacuate Collection Set: 0.1ms
[1.679s][info][gc,phases     ] GC(27)   Evacuate Collection Set: 5.3ms
[1.679s][info][gc,phases     ] GC(27)   Post Evacuate Collection Set: 0.3ms
[1.679s][info][gc,phases     ] GC(27)   Other: 0.1ms
[1.679s][info][gc,heap       ] GC(27) Eden regions: 127->0(32)
[1.679s][info][gc,heap       ] GC(27) Survivor regions: 21->19(19)
[1.679s][info][gc,heap       ] GC(27) Old regions: 421->467
[1.679s][info][gc,heap       ] GC(27) Humongous regions: 245->169
[1.679s][info][gc,metaspace  ] GC(27) Metaspace: 15065K->15065K(1062912K)
[1.679s][info][gc            ] GC(27) Pause Young (Prepare Mixed) (G1 Evacuation Pause) 812M->654M(1024M) 5.966ms
[1.680s][info][gc,cpu        ] GC(27) User=0.00s Sys=0.00s Real=0.01s
[1.685s][info][gc,start      ] GC(28) Pause Young (Mixed) (G1 Evacuation Pause)
[1.685s][info][gc,task       ] GC(28) Using 8 workers of 8 for evacuation
[1.691s][info][gc,phases     ] GC(28)   Pre Evacuate Collection Set: 0.1ms
[1.691s][info][gc,phases     ] GC(28)   Evacuate Collection Set: 5.4ms
[1.691s][info][gc,phases     ] GC(28)   Post Evacuate Collection Set: 0.3ms
[1.691s][info][gc,phases     ] GC(28)   Other: 0.2ms
[1.691s][info][gc,heap       ] GC(28) Eden regions: 32->0(44)
[1.691s][info][gc,heap       ] GC(28) Survivor regions: 19->7(7)
[1.691s][info][gc,heap       ] GC(28) Old regions: 467->406
[1.691s][info][gc,heap       ] GC(28) Humongous regions: 183->165
[1.691s][info][gc,metaspace  ] GC(28) Metaspace: 15065K->15065K(1062912K)
[1.691s][info][gc            ] GC(28) Pause Young (Mixed) (G1 Evacuation Pause) 700M->577M(1024M) 6.157ms
[1.691s][info][gc,cpu        ] GC(28) User=0.00s Sys=0.00s Real=0.01s
[1.698s][info][gc,start      ] GC(29) Pause Young (Mixed) (G1 Evacuation Pause)
[1.698s][info][gc,task       ] GC(29) Using 8 workers of 8 for evacuation
[1.704s][info][gc,phases     ] GC(29)   Pre Evacuate Collection Set: 0.2ms
[1.704s][info][gc,phases     ] GC(29)   Evacuate Collection Set: 5.1ms
[1.704s][info][gc,phases     ] GC(29)   Post Evacuate Collection Set: 0.3ms
[1.704s][info][gc,phases     ] GC(29)   Other: 0.2ms
[1.704s][info][gc,heap       ] GC(29) Eden regions: 44->0(44)
[1.704s][info][gc,heap       ] GC(29) Survivor regions: 7->7(7)
[1.704s][info][gc,heap       ] GC(29) Old regions: 406->354
[1.704s][info][gc,heap       ] GC(29) Humongous regions: 191->162
[1.704s][info][gc,metaspace  ] GC(29) Metaspace: 15065K->15065K(1062912K)
[1.704s][info][gc            ] GC(29) Pause Young (Mixed) (G1 Evacuation Pause) 647M->522M(1024M) 6.062ms
[1.704s][info][gc,cpu        ] GC(29) User=0.00s Sys=0.00s Real=0.01s
[1.714s][info][gc,start      ] GC(30) Pause Young (Mixed) (G1 Evacuation Pause)
[1.714s][info][gc,task       ] GC(30) Using 8 workers of 8 for evacuation
[1.717s][info][gc,phases     ] GC(30)   Pre Evacuate Collection Set: 0.2ms
[1.717s][info][gc,phases     ] GC(30)   Evacuate Collection Set: 2.2ms
[1.717s][info][gc,phases     ] GC(30)   Post Evacuate Collection Set: 0.3ms
[1.717s][info][gc,phases     ] GC(30)   Other: 0.3ms
[1.717s][info][gc,heap       ] GC(30) Eden regions: 44->0(175)
[1.717s][info][gc,heap       ] GC(30) Survivor regions: 7->7(7)
[1.717s][info][gc,heap       ] GC(30) Old regions: 354->369
[1.717s][info][gc,heap       ] GC(30) Humongous regions: 201->170
[1.717s][info][gc,metaspace  ] GC(30) Metaspace: 15065K->15065K(1062912K)
[1.717s][info][gc            ] GC(30) Pause Young (Mixed) (G1 Evacuation Pause) 605M->545M(1024M) 3.278ms
[1.717s][info][gc,cpu        ] GC(30) User=0.00s Sys=0.00s Real=0.00s
[1.752s][info][gc,heap,exit  ] Heap
[1.752s][info][gc,heap,exit  ]  garbage-first heap   total 1048576K, used 738374K [0x00000000c0000000, 0x0000000100000000)
[1.752s][info][gc,heap,exit  ]   region size 1024K, 128 young (131072K), 7 survivors (7168K)
[1.752s][info][gc,heap,exit  ]  Metaspace       used 15244K, capacity 15593K, committed 15872K, reserved 1062912K
[1.752s][info][gc,heap,exit  ]   class space    used 1639K, capacity 1758K, committed 1792K, reserved 1048576K
